Archive member included to satisfy reference by file (symbol)

C:/devkitPro/libctru/lib\libcitro2d.a(base.o)
                              main.o (C2D_Init)
C:/devkitPro/libctru/lib\libcitro2d.a(spritesheet.o)
                              main.o (C2D_SpriteSheetLoad)
C:/devkitPro/libctru/lib\libcitro2d.a(render2d.shbin.o)
                              C:/devkitPro/libctru/lib\libcitro2d.a(base.o) (render2d_shbin)
C:/devkitPro/libctru/lib\libcitro3d.a(attribs.o)
                              C:/devkitPro/libctru/lib\libcitro2d.a(base.o) (AttrInfo_Init)
C:/devkitPro/libctru/lib\libcitro3d.a(base.o)
                              C:/devkitPro/libctru/lib\libcitro3d.a(attribs.o) (__C3D_Context)
C:/devkitPro/libctru/lib\libcitro3d.a(buffers.o)
                              C:/devkitPro/libctru/lib\libcitro2d.a(base.o) (BufInfo_Init)
C:/devkitPro/libctru/lib\libcitro3d.a(drawElements.o)
                              C:/devkitPro/libctru/lib\libcitro2d.a(base.o) (C3D_DrawElements)
C:/devkitPro/libctru/lib\libcitro3d.a(effect.o)
                              C:/devkitPro/libctru/lib\libcitro3d.a(base.o) (C3D_DepthMap)
C:/devkitPro/libctru/lib\libcitro3d.a(framebuffer.o)
                              C:/devkitPro/libctru/lib\libcitro3d.a(base.o) (C3Di_FrameBufBind)
C:/devkitPro/libctru/lib\libcitro3d.a(immediate.o)
                              C:/devkitPro/libctru/lib\libcitro3d.a(base.o) (C3D_ImmSendAttrib)
C:/devkitPro/libctru/lib\libcitro3d.a(proctex.o)
                              C:/devkitPro/libctru/lib\libcitro2d.a(base.o) (C3D_ProcTexInit)
C:/devkitPro/libctru/lib\libcitro3d.a(renderqueue.o)
                              C:/devkitPro/libctru/lib\libcitro3d.a(base.o) (C3Di_RenderQueueEnableVBlank)
C:/devkitPro/libctru/lib\libcitro3d.a(tex3ds.o)
                              C:/devkitPro/libctru/lib\libcitro2d.a(spritesheet.o) (Tex3DS_TextureImport)
C:/devkitPro/libctru/lib\libcitro3d.a(texenv.o)
                              C:/devkitPro/libctru/lib\libcitro2d.a(base.o) (C3D_GetTexEnv)
C:/devkitPro/libctru/lib\libcitro3d.a(texture.o)
                              C:/devkitPro/libctru/lib\libcitro3d.a(tex3ds.o) (C3D_TexInitWithParams)
C:/devkitPro/libctru/lib\libcitro3d.a(uniforms.o)
                              C:/devkitPro/libctru/lib\libcitro3d.a(base.o) (C3D_UpdateUniforms)
C:/devkitPro/libctru/lib\libcitro3d.a(mtx_multiply.o)
                              C:/devkitPro/libctru/lib\libcitro2d.a(base.o) (Mtx_Multiply)
C:/devkitPro/libctru/lib\libcitro3d.a(mtx_ortho.o)
                              C:/devkitPro/libctru/lib\libcitro2d.a(base.o) (Mtx_Ortho)
C:/devkitPro/libctru/lib\libcitro3d.a(mtx_orthotilt.o)
                              C:/devkitPro/libctru/lib\libcitro2d.a(base.o) (Mtx_OrthoTilt)
C:/devkitPro/libctru/lib\libcitro3d.a(mtx_rotatez.o)
                              C:/devkitPro/libctru/lib\libcitro2d.a(base.o) (Mtx_RotateZ)
C:/devkitPro/libctru/lib\libcitro3d.a(mtx_scale.o)
                              C:/devkitPro/libctru/lib\libcitro2d.a(base.o) (Mtx_Scale)
C:/devkitPro/libctru/lib\libcitro3d.a(mtx_translate.o)
                              C:/devkitPro/libctru/lib\libcitro2d.a(base.o) (Mtx_Translate)
C:/devkitPro/libctru/lib\libctru.a(linear.o)
                              C:/devkitPro/libctru/lib\libcitro2d.a(base.o) (linearAlloc)
C:/devkitPro/libctru/lib\libctru.a(mem_pool.o)
                              C:/devkitPro/libctru/lib\libctru.a(linear.o) (_ZN7MemPool8AllocateER8MemChunkmi)
C:/devkitPro/libctru/lib\libctru.a(vram.o)
                              C:/devkitPro/libctru/lib\libcitro3d.a(renderqueue.o) (vramAlloc)
C:/devkitPro/libctru/lib\libctru.a(console.o)
                              main.o (consoleInit)
C:/devkitPro/libctru/lib\libctru.a(gfx.o)
                              C:/devkitPro/libctru/lib\libcitro2d.a(base.o) (gfxIsWide)
C:/devkitPro/libctru/lib\libctru.a(os.o)
                              C:/devkitPro/libctru/lib\libcitro3d.a(buffers.o) (osConvertVirtToPhys)
C:/devkitPro/libctru/lib\libctru.a(romfs_dev.o)
                              main.o (romfsMountSelf)
C:/devkitPro/libctru/lib\libctru.a(gpu.o)
                              C:/devkitPro/libctru/lib\libcitro3d.a(renderqueue.o) (gpuCmdBuf)
C:/devkitPro/libctru/lib\libctru.a(gx.o)
                              C:/devkitPro/libctru/lib\libcitro3d.a(renderqueue.o) (GX_BindQueue)
C:/devkitPro/libctru/lib\libctru.a(gxqueue.o)
                              C:/devkitPro/libctru/lib\libcitro3d.a(renderqueue.o) (gxCmdQueueClear)
C:/devkitPro/libctru/lib\libctru.a(shaderProgram.o)
                              C:/devkitPro/libctru/lib\libcitro2d.a(base.o) (shaderInstanceGetUniformLocation)
C:/devkitPro/libctru/lib\libctru.a(shbin.o)
                              C:/devkitPro/libctru/lib\libcitro2d.a(base.o) (DVLB_ParseFile)
C:/devkitPro/libctru/lib\libctru.a(apt.o)
                              C:/devkitPro/libctru/lib\libcitro3d.a(base.o) (aptHook)
C:/devkitPro/libctru/lib\libctru.a(fs.o)
[...]
Memory Configuration

Name             Origin             Length             Attributes
*default*        0x00000000         0xffffffff

Linker script and memory map

                0x00000000                        __sync_synchronize = __sync_synchronize_dmb
                0x00100000                        PROVIDE (__start__ = 0x100000)
                0x00100000                        . = __start__

.text           0x00100000    0x26f04
 *(.crt0)
 .crt0          0x00100000       0x94 C:/devkitPro/devkitARM/bin/../lib/gcc/arm-none-eabi/15.2.0/../../../../arm-none-eabi/lib/armv6k/fpu/3dsx_crt0.o
                0x00100000                _start
                0x00100008                __service_ptr
                0x0010000c                __apt_appid
                0x00100010                __heap_size
                0x00100014                __linear_heap_size
                0x00100018                __system_arglist
                0x0010001c                __system_runflags
 *(.init)
 .init          0x00100094        0xc C:/devkitPro/devkitARM/bin/../lib/gcc/arm-none-eabi/15.2.0/armv6k/fpu/crti.o
                0x00100094                _init
 .init          0x001000a0        0xc C:/devkitPro/devkitARM/bin/../lib/gcc/arm-none-eabi/15.2.0/armv6k/fpu/crtn.o
                0x001000ac                        . = ALIGN (0x4)
 *(.text)
 .text          0x001000ac      0x20c C:/devkitPro/devkitARM/bin/../lib/gcc/arm-none-eabi/15.2.0/armv6k/fpu\libgcc.a(_udivsi3.o)
                0x001000ac                __aeabi_uidiv
                0x001000ac                __udivsi3
                0x00100298                __aeabi_uidivmod
 .text          0x001002b8      0x240 C:/devkitPro/devkitARM/bin/../lib/gcc/arm-none-eabi/15.2.0/armv6k/fpu\libgcc.a(_divsi3.o)
                0x001002b8                __divsi3
                0x001002b8                __aeabi_idiv
                0x001004d8                __aeabi_idivmod
 .text          0x001004f8        0x4 C:/devkitPro/devkitARM/bin/../lib/gcc/arm-none-eabi/15.2.0/armv6k/fpu\libgcc.a(_dvmd_tls.o)
                0x001004f8                __aeabi_idiv0
                0x001004f8                __aeabi_ldiv0
 .text          0x001004fc      0x3c0 C:/devkitPro/devkitARM/bin/../lib/gcc/arm-none-eabi/15.2.0/armv6k/fpu\libgcc.a(_arm_addsubdf3.o)
                0x001004fc                __aeabi_drsub
                0x00100504                __aeabi_dsub
                0x00100504                __subdf3
                0x00100508                __aeabi_dadd
                0x00100508                __adddf3
                0x001007b4                __floatunsidf
                0x001007b4                __aeabi_ui2d
                0x001007d8                __floatsidf
                0x001007d8                __aeabi_i2d
                0x00100800                __aeabi_f2d
                0x00100800                __extendsfdf2
                0x00100848                __floatundidf
                0x00100848                __aeabi_ul2d
                0x0010085c                __floatdidf
                0x0010085c                __aeabi_l2d
 .text          0x001008bc       0xd4 C:/devkitPro/devkitARM/bin/../lib/gcc/arm-none-eabi/15.2.0/armv6k/fpu\libgcc.a(_aeabi_ldivmod.o)
                0x001008bc                __aeabi_ldivmod
 .text          0x00100990       0x3c C:/devkitPro/devkitARM/bin/../lib/gcc/arm-none-eabi/15.2.0/armv6k/fpu\libgcc.a(_aeabi_uldivmod.o)
                0x00100990                __aeabi_uldivmod
 *fill*         0x001009cc       0x14 
 .text          0x001009e0      0x390 C:/devkitPro/devkitARM/bin/../lib/gcc/arm-none-eabi/15.2.0/../../../../arm-none-eabi/lib/armv6k/fpu\libc.a(libc_a-strcmp.o)
                0x001009e8                strcmp
 *(.text.*)
 .text.__do_global_dtors_aux
                0x00100d70       0x50 C:/devkitPro/devkitARM/bin/../lib/gcc/arm-none-eabi/15.2.0/armv6k/fpu/crtbegin.o
 .text.frame_dummy
                0x00100dc0       0x2c C:/devkitPro/devkitARM/bin/../lib/gcc/arm-none-eabi/15.2.0/armv6k/fpu/crtbegin.o
 .text.parse_hex4
                0x00100dec       0x70 cJSON.o
 .text.parse_string
                0x00100e5c      0x3a4 cJSON.o
 .text.buffer_skip_whitespace
                0x00101200       0x6c cJSON.o
 .text.get_object_item
                0x0010126c       0xe4 cJSON.o
 .text.cJSON_Delete
                0x00101350       0xac cJSON.o
                0x00101350                cJSON_Delete
 *fill*         0x001013fc        0x4 
 .text.parse_value
                0x00101400      0x568 cJSON.o
 .text.cJSON_ParseWithLengthOpts
                0x00101968      0x1dc cJSON.o
                0x00101968                cJSON_ParseWithLengthOpts
 .text.cJSON_Parse
                0x00101b44       0x2c cJSON.o
                0x00101b44                cJSON_Parse
 .text.cJSON_GetObjectItem
                0x00101b70        0x8 cJSON.o
                0x00101b70                cJSON_GetObjectItem
 .text.cJSON_GetObjectItemCaseSensitive
                0x00101b78        0x8 cJSON.o
                0x00101b78                cJSON_GetObjectItemCaseSensitive
 .text.cJSON_CreateString
                0x00101b80       0xa0 cJSON.o
                0x00101b80                cJSON_CreateString
 .text.cJSON_IsString
                0x00101c20       0x18 cJSON.o
                0x00101c20                cJSON_IsString
 .text.cJSON_IsArray
                0x00101c38       0x18 cJSON.o
                0x00101c38                cJSON_IsArray
 .text.gamepad_button_check_pressed
                0x00101c50       0x1c gml_functions.o
                0x00101c50                gamepad_button_check_pressed
 .text.gamepad_button_check
                0x00101c6c       0x1c gml_functions.o
                0x00101c6c                gamepad_button_check
 .text.gamepad_button_check_released
                0x00101c88       0x1c gml_functions.o
                0x00101c88                gamepad_button_check_released
 .text.input_convertstring
                0x00101ca4       0xe8 gml_runner.o
 .text.runner_apply_xy_code
                0x00101d8c      0x7b4 gml_runner.o
 .text.GML_SetRoot
                0x00102540       0x10 gml_runner.o
                0x00102540                GML_SetRoot
 .text.RunGML_create
                0x00102550       0xcc gml_runner.o
                0x00102550                RunGML_create
 .text.RunGML_step
                0x0010261c       0xec gml_runner.o
                0x0010261c                RunGML_step
 .text.RunGML   0x00102708       0xf4 gml_runner.o
                0x00102708                RunGML
 .text.GetSpriteNumberByName
                0x001027fc       0x90 main.o
 .text.GetCurrentRoomSize
                0x0010288c      0x130 main.o
 .text.GetFirstRoomName
                0x001029bc       0x40 main.o
 .text.runner_sprite_is_object
                0x001029fc       0x30 main.o
                0x001029fc                runner_sprite_is_object
 .text.startup.main
                0x00102a2c      0x9b0 main.o
                0x00102a2c                main
 .text.C2Di_FrameEndHook
                0x001033dc       0x44 C:/devkitPro/libctru/lib\libcitro2d.a(base.o)
 .text.C2D_Init
                0x00103420      0x36c C:/devkitPro/libctru/lib\libcitro2d.a(base.o)
                0x00103420                C2D_Init
 .text.C2D_Fini
                0x0010378c       0x4c C:/devkitPro/libctru/lib\libcitro2d.a(base.o)
                0x0010378c                C2D_Fini
 .text.C2D_Prepare
                0x001037d8       0xb8 C:/devkitPro/libctru/lib\libcitro2d.a(base.o)
                0x001037d8                C2D_Prepare
 .text.C2D_Flush
                0x00103890       0x48 C:/devkitPro/libctru/lib\libcitro2d.a(base.o)
                0x00103890                C2D_Flush
 .text.C2D_SceneSize
                0x001038d8      0x104 C:/devkitPro/libctru/lib\libcitro2d.a(base.o)
                0x001038d8                C2D_SceneSize
 .text.C2D_ViewReset
                0x001039dc       0x58 C:/devkitPro/libctru/lib\libcitro2d.a(base.o)
                0x001039dc                C2D_ViewReset
 .text.C2D_ViewTranslate
                0x00103a34       0x3c C:/devkitPro/libctru/lib\libcitro2d.a(base.o)
                0x00103a34                C2D_ViewTranslate
 .text.C2D_ViewScale
                0x00103a70       0x38 C:/devkitPro/libctru/lib\libcitro2d.a(base.o)
                0x00103a70                C2D_ViewScale
 .text.C2D_CreateScreenTarget
                0x00103aa8       0x58 C:/devkitPro/libctru/lib\libcitro2d.a(base.o)
                0x00103aa8                C2D_CreateScreenTarget
 .text.C2D_TargetClear
                0x00103b00       0x64 C:/devkitPro/libctru/lib\libcitro2d.a(base.o)
                0x00103b00                C2D_TargetClear
 .text.C2Di_CalcQuad
                0x00103b64      0x13c C:/devkitPro/libctru/lib\libcitro2d.a(base.o)
                0x00103b64                C2Di_CalcQuad
 .text.C2Di_AppendQuad
                0x00103ca0       0x58 C:/devkitPro/libctru/lib\libcitro2d.a(base.o)
                0x00103ca0                C2Di_AppendQuad
 .text.C2Di_Update
                0x00103cf8      0x550 C:/devkitPro/libctru/lib\libcitro2d.a(base.o)
                0x00103cf8                C2Di_Update
 .text.C2D_DrawImage
                0x00104248      0x2b0 C:/devkitPro/libctru/lib\libcitro2d.a(base.o)
                0x00104248                C2D_DrawImage
 .text.C2D_SpriteSheetLoadFromHandle
                0x001044f8       0x6c C:/devkitPro/libctru/lib\libcitro2d.a(spritesheet.o)
                0x001044f8                C2D_SpriteSheetLoadFromHandle
 .text.C2D_SpriteSheetLoad
                0x00104564       0x48 C:/devkitPro/libctru/lib\libcitro2d.a(spritesheet.o)
                0x00104564                C2D_SpriteSheetLoad
 .text.C2D_SpriteSheetFree
                0x001045ac       0x28 C:/devkitPro/libctru/lib\libcitro2d.a(spritesheet.o)
                0x001045ac                C2D_SpriteSheetFree
 .text.C2D_SpriteSheetGetImage
                0x001045d4       0x2c C:/devkitPro/libctru/lib\libcitro2d.a(spritesheet.o)
                0x001045d4                C2D_SpriteSheetGetImage
 .text.AttrInfo_Init
                0x00104600       0x28 C:/devkitPro/libctru/lib\libcitro3d.a(attribs.o)
                0x00104600                AttrInfo_Init
 .text.AttrInfo_AddLoader
                0x00104628       0x94 C:/devkitPro/libctru/lib\libcitro3d.a(attribs.o)
                0x00104628                AttrInfo_AddLoader
 .text.C3D_SetAttrInfo
                0x001046bc       0x54 C:/devkitPro/libctru/lib\libcitro3d.a(attribs.o)
                0x001046bc                C3D_SetAttrInfo
 .text.C3Di_AttrInfoBind
                0x00104710       0x80 C:/devkitPro/libctru/lib\libcitro3d.a(attribs.o)
                0x00104710                C3Di_AttrInfoBind
 .text.C3Di_LightEnvUpdate
                0x00104790        0x4 C:/devkitPro/libctru/lib\libcitro3d.a(base.o)
                0x00104790                C3Di_LightEnvUpdate
 .text.C3Di_LightEnvDirty
                0x00104794        0x4 C:/devkitPro/libctru/lib\libcitro3d.a(base.o)
                0x00104794                C3Di_LightEnvDirty
 .text.C3Di_AptEventHook
                0x00104798       0xb4 C:/devkitPro/libctru/lib\libcitro3d.a(base.o)
 .text.C3Di_GasUpdate
                0x0010484c        0x4 C:/devkitPro/libctru/lib\libcitro3d.a(base.o)
                0x0010484c                C3Di_GasUpdate
 .text.C3D_Init
                0x00104850      0x1d0 C:/devkitPro/libctru/lib\libcitro3d.a(base.o)
                0x00104850                C3D_Init
 .text.C3D_SetViewport
                0x00104a20       0x98 C:/devkitPro/libctru/lib\libcitro3d.a(base.o)
                0x00104a20                C3D_SetViewport
 .text.C3Di_UpdateContext
                0x00104ab8      0x4e8 C:/devkitPro/libctru/lib\libcitro3d.a(base.o)
                0x00104ab8                C3Di_UpdateContext
 .text.C3Di_SplitFrame
                0x00104fa0       0xe0 C:/devkitPro/libctru/lib\libcitro3d.a(base.o)
                0x00104fa0                C3Di_SplitFrame
 .text.C3D_Fini
                0x00105080       0x44 C:/devkitPro/libctru/lib\libcitro3d.a(base.o)
                0x00105080                C3D_Fini
 .text.C3D_BindProgram
                0x001050c4      0x194 C:/devkitPro/libctru/lib\libcitro3d.a(base.o)
                0x001050c4                C3D_BindProgram
 .text.BufInfo_Init
                0x00105258       0x24 C:/devkitPro/libctru/lib\libcitro3d.a(buffers.o)
                0x00105258                BufInfo_Init
 .text.BufInfo_Add
                0x0010527c       0x80 C:/devkitPro/libctru/lib\libcitro3d.a(buffers.o)
                0x0010527c                BufInfo_Add
 .text.C3D_SetBufInfo
                0x001052fc       0x3c C:/devkitPro/libctru/lib\libcitro3d.a(buffers.o)
                0x001052fc                C3D_SetBufInfo
 .text.C3Di_BufInfoBind
                0x00105338       0x48 C:/devkitPro/libctru/lib\libcitro3d.a(buffers.o)
                0x00105338                C3Di_BufInfoBind
 .text.C3D_DrawElements
                0x00105380      0x21c C:/devkitPro/libctru/lib\libcitro3d.a(drawElements.o)
                0x00105380                C3D_DrawElements
 .text.C3D_DepthMap
                0x0010559c       0x40 C:/devkitPro/libctru/lib\libcitro3d.a(effect.o)
                0x0010559c                C3D_DepthMap
 .text.C3D_CullFace
                0x001055dc       0x1c C:/devkitPro/libctru/lib\libcitro3d.a(effect.o)
                0x001055dc                C3D_CullFace
 .text.C3D_StencilTest
                0x001055f8       0x40 C:/devkitPro/libctru/lib\libcitro3d.a(effect.o)
                0x001055f8                C3D_StencilTest
 .text.C3D_StencilOp
                0x00105638       0x24 C:/devkitPro/libctru/lib\libcitro3d.a(effect.o)
                0x00105638                C3D_StencilOp
 .text.C3D_BlendingColor
                0x0010565c       0x1c C:/devkitPro/libctru/lib\libcitro3d.a(effect.o)
                0x0010565c                C3D_BlendingColor
 .text.C3D_EarlyDepthTest
                0x00105678       0x24 C:/devkitPro/libctru/lib\libcitro3d.a(effect.o)
                0x00105678                C3D_EarlyDepthTest
 .text.C3D_DepthTest
                0x0010569c       0x2c C:/devkitPro/libctru/lib\libcitro3d.a(effect.o)
                0x0010569c                C3D_DepthTest
 .text.C3D_AlphaTest
                0x001056c8       0x2c C:/devkitPro/libctru/lib\libcitro3d.a(effect.o)
                0x001056c8                C3D_AlphaTest
 .text.C3D_AlphaBlend
                0x001056f4       0x50 C:/devkitPro/libctru/lib\libcitro3d.a(effect.o)
                0x001056f4                C3D_AlphaBlend
 .text.C3D_FragOpMode
                0x00105744       0x30 C:/devkitPro/libctru/lib\libcitro3d.a(effect.o)
                0x00105744                C3D_FragOpMode
 .text.C3D_FragOpShadow
                0x00105774       0x44 C:/devkitPro/libctru/lib\libcitro3d.a(effect.o)
                0x00105774                C3D_FragOpShadow
 .text.C3Di_EffectBind
                0x001057b8      0x1ac C:/devkitPro/libctru/lib\libcitro3d.a(effect.o)
                0x001057b8                C3Di_EffectBind
 .text.C3D_CalcColorBufSize
                0x00105964       0x1c C:/devkitPro/libctru/lib\libcitro3d.a(framebuffer.o)
                0x00105964                C3D_CalcColorBufSize
 .text.C3D_CalcDepthBufSize
                0x00105980       0x1c C:/devkitPro/libctru/lib\libcitro3d.a(framebuffer.o)
                0x00105980                C3D_CalcDepthBufSize
 .text.C3D_SetFrameBuf
                0x0010599c       0x44 C:/devkitPro/libctru/lib\libcitro3d.a(framebuffer.o)
                0x0010599c                C3D_SetFrameBuf
 .text.C3Di_FrameBufBind
                0x001059e0      0x16c C:/devkitPro/libctru/lib\libcitro3d.a(framebuffer.o)
                0x001059e0                C3Di_FrameBufBind
 .text.C3D_FrameBufClear
                0x00105b4c       0xc8 C:/devkitPro/libctru/lib\libcitro3d.a(framebuffer.o)
                0x00105b4c                C3D_FrameBufClear
 .text.C3D_FrameBufTransfer
                0x00105c14       0x44 C:/devkitPro/libctru/lib\libcitro3d.a(framebuffer.o)
                0x00105c14                C3D_FrameBufTransfer
 .text.C3D_ImmSendAttrib
                0x00105c58       0xa8 C:/devkitPro/libctru/lib\libcitro3d.a(immediate.o)
                0x00105c58                C3D_ImmSendAttrib
 .text.C3D_ProcTexInit
                0x00105d00       0x70 C:/devkitPro/libctru/lib\libcitro3d.a(proctex.o)
                0x00105d00                C3D_ProcTexInit
 .text.C3D_ProcTexBind
                0x00105d70       0x54 C:/devkitPro/libctru/lib\libcitro3d.a(proctex.o)
                0x00105d70                C3D_ProcTexBind
 .text.C3D_ProcTexLutBind
                0x00105dc4       0x5c C:/devkitPro/libctru/lib\libcitro3d.a(proctex.o)
                0x00105dc4                C3D_ProcTexLutBind
 .text.ProcTexLut_FromArray
                0x00105e20       0xa4 C:/devkitPro/libctru/lib\libcitro3d.a(proctex.o)
                0x00105e20                ProcTexLut_FromArray
 .text.C3Di_ProcTexUpdate
                0x00105ec4      0x178 C:/devkitPro/libctru/lib\libcitro3d.a(proctex.o)
                0x00105ec4                C3Di_ProcTexUpdate
 .text.C3Di_ProcTexDirty
                0x0010603c       0x68 C:/devkitPro/libctru/lib\libcitro3d.a(proctex.o)
                0x0010603c                C3Di_ProcTexDirty
 .text.onVBlank0
                0x001060a4       0x4c C:/devkitPro/libctru/lib\libcitro3d.a(renderqueue.o)
 .text.onVBlank1
                0x001060f0       0x4c C:/devkitPro/libctru/lib\libcitro3d.a(renderqueue.o)
 .text.C3Di_RenderTargetDestroy
                0x0010613c       0x80 C:/devkitPro/libctru/lib\libcitro3d.a(renderqueue.o)
 .text.onQueueFinish
                0x001061bc       0xf4 C:/devkitPro/libctru/lib\libcitro3d.a(renderqueue.o)
 .text.C3Di_RenderQueueEnableVBlank
                0x001062b0       0x38 C:/devkitPro/libctru/lib\libcitro3d.a(renderqueue.o)
                0x001062b0                C3Di_RenderQueueEnableVBlank
 .text.C3Di_RenderQueueDisableVBlank
                0x001062e8       0x30 C:/devkitPro/libctru/lib\libcitro3d.a(renderqueue.o)
                0x001062e8                C3Di_RenderQueueDisableVBlank
 .text.C3Di_RenderQueueInit
                0x00106318       0x60 C:/devkitPro/libctru/lib\libcitro3d.a(renderqueue.o)
                0x00106318                C3Di_RenderQueueInit
 .text.C3Di_RenderQueueExit
                0x00106378       0xb4 C:/devkitPro/libctru/lib\libcitro3d.a(renderqueue.o)
                0x00106378                C3Di_RenderQueueExit
 .text.C3Di_RenderQueueWaitDone
                0x0010642c       0x34 C:/devkitPro/libctru/lib\libcitro3d.a(renderqueue.o)
                0x0010642c                C3Di_RenderQueueWaitDone
 .text.C3D_FrameBegin
                0x00106460       0xe8 C:/devkitPro/libctru/lib\libcitro3d.a(renderqueue.o)
                0x00106460                C3D_FrameBegin
 .text.C3D_FrameDrawOn
                0x00106548       0x48 C:/devkitPro/libctru/lib\libcitro3d.a(renderqueue.o)
                0x00106548                C3D_FrameDrawOn
 .text.C3D_FrameSplit
                0x00106590       0x58 C:/devkitPro/libctru/lib\libcitro3d.a(renderqueue.o)
                0x00106590                C3D_FrameSplit
 .text.C3D_FrameEnd
                0x001065e8      0x1d0 C:/devkitPro/libctru/lib\libcitro3d.a(renderqueue.o)
                0x001065e8                C3D_FrameEnd
 .text.C3D_FrameEndHook
                0x001067b8       0x1c C:/devkitPro/libctru/lib\libcitro3d.a(renderqueue.o)
                0x001067b8                C3D_FrameEndHook
 .text.C3D_RenderTargetCreate
                0x001067d4      0x170 C:/devkitPro/libctru/lib\libcitro3d.a(renderqueue.o)
                0x001067d4                C3D_RenderTargetCreate
 .text.C3D_RenderTargetSetOutput
                0x00106944       0xa8 C:/devkitPro/libctru/lib\libcitro3d.a(renderqueue.o)
                0x00106944                C3D_RenderTargetSetOutput
 .text.C3D_SyncTextureCopy
                0x001069ec       0xfc C:/devkitPro/libctru/lib\libcitro3d.a(renderqueue.o)
                0x001069ec                C3D_SyncTextureCopy
 .text.Tex3DSi_ImportCommon
                0x00106ae8      0x3d8 C:/devkitPro/libctru/lib\libcitro3d.a(tex3ds.o)
 .text.Tex3DS_TextureImportStdio
                0x00106ec0       0x38 C:/devkitPro/libctru/lib\libcitro3d.a(tex3ds.o)
                0x00106ec0                Tex3DS_TextureImportStdio
 .text.Tex3DS_GetSubTexture
                0x00106ef8       0x1c C:/devkitPro/libctru/lib\libcitro3d.a(tex3ds.o)
                0x00106ef8                Tex3DS_GetSubTexture
 .text.Tex3DS_TextureFree
                0x00106f14        0x4 C:/devkitPro/libctru/lib\libcitro3d.a(tex3ds.o)
                0x00106f14                Tex3DS_TextureFree
 .text.C3D_GetTexEnv
                0x00106f18       0x34 C:/devkitPro/libctru/lib\libcitro3d.a(texenv.o)
                0x00106f18                C3D_GetTexEnv
 .text.C3Di_TexEnvBind
                0x00106f4c       0x24 C:/devkitPro/libctru/lib\libcitro3d.a(texenv.o)
                0x00106f4c                C3Di_TexEnvBind
 .text.C3D_TexInitWithParams
                0x00106f70      0x290 C:/devkitPro/libctru/lib\libcitro3d.a(texture.o)
                0x00106f70                C3D_TexInitWithParams
 .text.C3D_TexLoadImage
                0x00107200       0xc8 C:/devkitPro/libctru/lib\libcitro3d.a(texture.o)
                0x00107200                C3D_TexLoadImage
 .text.C3D_TexBind
                0x001072c8       0x44 C:/devkitPro/libctru/lib\libcitro3d.a(texture.o)
                0x001072c8                C3D_TexBind
 .text.C3D_TexDelete
                0x0010730c       0x74 C:/devkitPro/libctru/lib\libcitro3d.a(texture.o)
                0x0010730c                C3D_TexDelete
 .text.C3Di_SetTex
                0x00107380      0x14c C:/devkitPro/libctru/lib\libcitro3d.a(texture.o)
                0x00107380                C3Di_SetTex
 .text.C3D_UpdateUniforms
                0x001074cc      0x290 C:/devkitPro/libctru/lib\libcitro3d.a(uniforms.o)
                0x001074cc                C3D_UpdateUniforms
 .text.C3Di_DirtyUniforms
                0x0010775c       0xc0 C:/devkitPro/libctru/lib\libcitro3d.a(uniforms.o)
                0x0010775c                C3Di_DirtyUniforms
 .text.C3Di_LoadShaderUniforms
                0x0010781c       0xd8 C:/devkitPro/libctru/lib\libcitro3d.a(uniforms.o)
                0x0010781c                C3Di_LoadShaderUniforms
 .text.C3Di_ClearShaderUniforms
                0x001078f4       0x28 C:/devkitPro/libctru/lib\libcitro3d.a(uniforms.o)
                0x001078f4                C3Di_ClearShaderUniforms
 .text.Mtx_Ortho
                0x0010791c       0xcc C:/devkitPro/libctru/lib\libcitro3d.a(mtx_ortho.o)
                0x0010791c                Mtx_Ortho
 .text.Mtx_OrthoTilt
                0x001079e8       0xcc C:/devkitPro/libctru/lib\libcitro3d.a(mtx_orthotilt.o)
                0x001079e8                Mtx_OrthoTilt
 .text.Mtx_Scale
                0x00107ab4       0x38 C:/devkitPro/libctru/lib\libcitro3d.a(mtx_scale.o)
                0x00107ab4                Mtx_Scale
 .text.Mtx_Translate
                0x00107aec       0xa4 C:/devkitPro/libctru/lib\libcitro3d.a(mtx_translate.o)
                0x00107aec                Mtx_Translate
 .text._ZL21addrMapNodeComparatorPK11rbtree_nodeS1_
                0x00107b90       0x24 C:/devkitPro/libctru/lib\libctru.a(linear.o)
 .text._ZL21addrMapNodeDestructorP11rbtree_node
                0x00107bb4        0x4 C:/devkitPro/libctru/lib\libctru.a(linear.o)
 .text.linearMemAlign
                0x00107bb8      0x12c C:/devkitPro/libctru/lib\libctru.a(linear.o)
                0x00107bb8                linearMemAlign
 .text.linearAlloc
                0x00107ce4        0x8 C:/devkitPro/libctru/lib\libctru.a(linear.o)
                0x00107ce4                linearAlloc
 .text.linearFree
                0x00107cec       0x5c C:/devkitPro/libctru/lib\libctru.a(linear.o)
                0x00107cec                linearFree
 .text._ZN7MemPool13CoalesceRightEP8MemBlock
                0x00107d48       0x88 C:/devkitPro/libctru/lib\libctru.a(mem_pool.o)
                0x00107d48                _ZN7MemPool13CoalesceRightEP8MemBlock
 .text._ZN7MemPool8AllocateER8MemChunkmi
                0x00107dd0      0x178 C:/devkitPro/libctru/lib\libctru.a(mem_pool.o)
                0x00107dd0                _ZN7MemPool8AllocateER8MemChunkmi
 .text._ZN7MemPool10DeallocateERK8MemChunk
                0x00107f48      0x118 C:/devkitPro/libctru/lib\libctru.a(mem_pool.o)
                0x00107f48                _ZN7MemPool10DeallocateERK8MemChunk
 .text._ZN7MemPool12GetFreeSpaceEv
                0x00108060       0x30 C:/devkitPro/libctru/lib\libctru.a(mem_pool.o)
                0x00108060                _ZN7MemPool12GetFreeSpaceEv
 .text._ZL21addrMapNodeComparatorPK11rbtree_nodeS1_
                0x00108090       0x24 C:/devkitPro/libctru/lib\libctru.a(vram.o)
 .text._ZL21addrMapNodeDestructorP11rbtree_node
                0x001080b4        0x4 C:/devkitPro/libctru/lib\libctru.a(vram.o)
 .text.vramMemAlignAt
                0x001080b8      0x248 C:/devkitPro/libctru/lib\libctru.a(vram.o)
                0x001080b8                vramMemAlignAt
 .text.vramAlloc
                0x00108300        0xc C:/devkitPro/libctru/lib\libctru.a(vram.o)
                0x00108300                vramAlloc
 .text.vramAllocAt
                0x0010830c        0xc C:/devkitPro/libctru/lib\libctru.a(vram.o)
                0x0010830c                vramAllocAt
 .text.vramFree
                0x00108318       0x94 C:/devkitPro/libctru/lib\libctru.a(vram.o)
                0x00108318                vramFree
 .text.consoleDrawChar
                0x001083ac      0x1c8 C:/devkitPro/libctru/lib\libctru.a(console.o)
                0x001083ac                consoleDrawChar
 .text.consolePrintChar
                0x00108574      0x170 C:/devkitPro/libctru/lib\libctru.a(console.o)
                0x00108574                consolePrintChar
 .text.con_write
                0x001086e4      0xc40 C:/devkitPro/libctru/lib\libctru.a(console.o)
                0x001086e4                con_write
 .text.newRow   0x00109324      0x110 C:/devkitPro/libctru/lib\libctru.a(console.o)
 .text.consoleInit
                0x00109434      0x180 C:/devkitPro/libctru/lib\libctru.a(console.o)
                0x00109434                consoleInit
 .text.gfxPresentFramebuffer
                0x001095b4       0xcc C:/devkitPro/libctru/lib\libctru.a(gfx.o)
 .text.gfxIsWide
                0x00109680       0x1c C:/devkitPro/libctru/lib\libctru.a(gfx.o)
                0x00109680                gfxIsWide
 .text.gfxSetScreenFormat
                0x0010969c       0xf8 C:/devkitPro/libctru/lib\libctru.a(gfx.o)
                0x0010969c                gfxSetScreenFormat
 .text.gfxSetDoubleBuffering
                0x00109794       0x10 C:/devkitPro/libctru/lib\libctru.a(gfx.o)
                0x00109794                gfxSetDoubleBuffering
 .text.gfxInit  0x001097a4       0xd8 C:/devkitPro/libctru/lib\libctru.a(gfx.o)
                0x001097a4                gfxInit
 .text.gfxInitDefault
                0x0010987c       0x10 C:/devkitPro/libctru/lib\libctru.a(gfx.o)
                0x0010987c                gfxInitDefault
 .text.gfxExit  0x0010988c       0xb8 C:/devkitPro/libctru/lib\libctru.a(gfx.o)
                0x0010988c                gfxExit
 .text.gfxGetFramebuffer
                0x00109944       0xa0 C:/devkitPro/libctru/lib\libctru.a(gfx.o)
                0x00109944                gfxGetFramebuffer
 .text.gfxFlushBuffers
                0x001099e4      0x100 C:/devkitPro/libctru/lib\libctru.a(gfx.o)
                0x001099e4                gfxFlushBuffers
 .text.gfxScreenSwapBuffers
                0x00109ae4       0x28 C:/devkitPro/libctru/lib\libctru.a(gfx.o)
                0x00109ae4                gfxScreenSwapBuffers
 .text.gfxSwapBuffersGpu
                0x00109b0c       0x50 C:/devkitPro/libctru/lib\libctru.a(gfx.o)
                0x00109b0c                gfxSwapBuffersGpu
 .text.osConvertVirtToPhys
                0x00109b5c       0x74 C:/devkitPro/libctru/lib\libctru.a(os.o)
                0x00109b5c                osConvertVirtToPhys
 .text.osGetTimeRef
                0x00109bd0       0x54 C:/devkitPro/libctru/lib\libctru.a(os.o)
                0x00109bd0                osGetTimeRef
 .text.osGetTime
                0x00109c24       0xec C:/devkitPro/libctru/lib\libctru.a(os.o)
                0x00109c24                osGetTime
 .text.__ctru_speedup_config
                0x00109d10       0x34 C:/devkitPro/libctru/lib\libctru.a(os.o)
                0x00109d10                __ctru_speedup_config
 .text.romfs_close
                0x00109d44        0x8 C:/devkitPro/libctru/lib\libctru.a(romfs_dev.o)
 .text.romfs_seek
                0x00109d4c       0xac C:/devkitPro/libctru/lib\libctru.a(romfs_dev.o)
 .text.romfs_dirreset
                0x00109df8       0x24 C:/devkitPro/libctru/lib\libctru.a(romfs_dev.o)
 .text.fill_dir
                0x00109e1c       0xc0 C:/devkitPro/libctru/lib\libctru.a(romfs_dev.o)
 .text.romfs_dirnext
                0x00109edc      0x2ac C:/devkitPro/libctru/lib\libctru.a(romfs_dev.o)
 .text.romfs_free
                0x0010a188       0x74 C:/devkitPro/libctru/lib\libctru.a(romfs_dev.o)
 .text.searchForFile.constprop.0
                0x0010a1fc       0xd0 C:/devkitPro/libctru/lib\libctru.a(romfs_dev.o)
 .text.searchForDir.constprop.0
                0x0010a2cc       0xd4 C:/devkitPro/libctru/lib\libctru.a(romfs_dev.o)
 .text.navigateToDir.constprop.0
                0x0010a3a0      0x1c0 C:/devkitPro/libctru/lib\libctru.a(romfs_dev.o)
 .text.romfs_open
                0x0010a560      0x114 C:/devkitPro/libctru/lib\libctru.a(romfs_dev.o)
 .text.romfs_chdir
                0x0010a674       0x4c C:/devkitPro/libctru/lib\libctru.a(romfs_dev.o)
 .text.romfs_diropen
                0x0010a6c0       0x68 C:/devkitPro/libctru/lib\libctru.a(romfs_dev.o)
 .text.romfs_stat
                0x0010a728      0x178 C:/devkitPro/libctru/lib\libctru.a(romfs_dev.o)
 .text.romfs_dirclose
                0x0010a8a0        0x8 C:/devkitPro/libctru/lib\libctru.a(romfs_dev.o)
 .text.romfs_fstat
                0x0010a8a8       0x7c C:/devkitPro/libctru/lib\libctru.a(romfs_dev.o)
 .text.romfs_read
                0x0010a924       0xd0 C:/devkitPro/libctru/lib\libctru.a(romfs_dev.o)
 .text.romfsMountFromFile
                0x0010a9f4      0x28c C:/devkitPro/libctru/lib\libctru.a(romfs_dev.o)
                0x0010a9f4                romfsMountFromFile
 .text.romfsMountFromCurrentProcess
                0x0010ac80       0x98 C:/devkitPro/libctru/lib\libctru.a(romfs_dev.o)
                0x0010ac80                romfsMountFromCurrentProcess
 .text.romfsMountSelf
                0x0010ad18      0x258 C:/devkitPro/libctru/lib\libctru.a(romfs_dev.o)
                0x0010ad18                romfsMountSelf
 .text.romfsUnmount
                0x0010af70       0xa0 C:/devkitPro/libctru/lib\libctru.a(romfs_dev.o)
                0x0010af70                romfsUnmount
 .text.GPUCMD_Add
                0x0010b010      0x13c C:/devkitPro/libctru/lib\libctru.a(gpu.o)
                0x0010b010                GPUCMD_Add
 .text.GPUCMD_Split
                0x0010b14c       0xb0 C:/devkitPro/libctru/lib\libctru.a(gpu.o)
                0x0010b14c                GPUCMD_Split
 .text.f32tof16
                0x0010b1fc       0x34 C:/devkitPro/libctru/lib\libctru.a(gpu.o)
                0x0010b1fc                f32tof16
 .text.f32tof24
                0x0010b230       0x34 C:/devkitPro/libctru/lib\libctru.a(gpu.o)
                0x0010b230                f32tof24
 .text.f32tof31
                0x0010b264       0x38 C:/devkitPro/libctru/lib\libctru.a(gpu.o)
                0x0010b264                f32tof31
 .text.GX_BindQueue
                0x0010b29c       0x10 C:/devkitPro/libctru/lib\libctru.a(gx.o)
                0x0010b29c                GX_BindQueue
 .text.GX_ProcessCommandList
                0x0010b2ac       0x7c C:/devkitPro/libctru/lib\libctru.a(gx.o)
                0x0010b2ac                GX_ProcessCommandList
 .text.GX_MemoryFill
                0x0010b328       0x74 C:/devkitPro/libctru/lib\libctru.a(gx.o)
                0x0010b328                GX_MemoryFill
 .text.GX_DisplayTransfer
                0x0010b39c       0x74 C:/devkitPro/libctru/lib\libctru.a(gx.o)
                0x0010b39c                GX_DisplayTransfer
 .text.GX_TextureCopy
                0x0010b410       0x78 C:/devkitPro/libctru/lib\libctru.a(gx.o)
                0x0010b410                GX_TextureCopy
 .text.gxCmdQueueDoCommands.part.0
                0x0010b488       0x64 C:/devkitPro/libctru/lib\libctru.a(gxqueue.o)
 .text.gxCmdQueueInterrupt
                0x0010b4ec       0xe4 C:/devkitPro/libctru/lib\libctru.a(gxqueue.o)
                0x0010b4ec                gxCmdQueueInterrupt
 .text.gxCmdQueueClear
                0x0010b5d0       0x68 C:/devkitPro/libctru/lib\libctru.a(gxqueue.o)
                0x0010b5d0                gxCmdQueueClear
 .text.gxCmdQueueAdd
                0x0010b638      0x108 C:/devkitPro/libctru/lib\libctru.a(gxqueue.o)
                0x0010b638                gxCmdQueueAdd
 .text.gxCmdQueueRun
                0x0010b740       0x80 C:/devkitPro/libctru/lib\libctru.a(gxqueue.o)
                0x0010b740                gxCmdQueueRun
 .text.gxCmdQueueStop
                0x0010b7c0       0x64 C:/devkitPro/libctru/lib\libctru.a(gxqueue.o)
                0x0010b7c0                gxCmdQueueStop
 .text.gxCmdQueueWait
                0x0010b824       0x8c C:/devkitPro/libctru/lib\libctru.a(gxqueue.o)
                0x0010b824                gxCmdQueueWait
 .text.shaderInstanceInit
                0x0010b8b0      0x1e0 C:/devkitPro/libctru/lib\libctru.a(shaderProgram.o)
                0x0010b8b0                shaderInstanceInit
 .text.shaderInstanceGetUniformLocation
                0x0010ba90       0x18 C:/devkitPro/libctru/lib\libctru.a(shaderProgram.o)
                0x0010ba90                shaderInstanceGetUniformLocation
 .text.shaderProgramInit
                0x0010baa8       0x1c C:/devkitPro/libctru/lib\libctru.a(shaderProgram.o)
                0x0010baa8                shaderProgramInit
 .text.shaderProgramFree
                0x0010bac4       0x74 C:/devkitPro/libctru/lib\libctru.a(shaderProgram.o)
                0x0010bac4                shaderProgramFree
 .text.shaderProgramSetVsh
                0x0010bb38       0x94 C:/devkitPro/libctru/lib\libctru.a(shaderProgram.o)
                0x0010bb38                shaderProgramSetVsh
 .text.shaderProgramConfigure
                0x0010bbcc      0x8d0 C:/devkitPro/libctru/lib\libctru.a(shaderProgram.o)
                0x0010bbcc                shaderProgramConfigure
 .text.DVLE_GenerateOutmap.part.0
                0x0010c49c      0x1dc C:/devkitPro/libctru/lib\libctru.a(shbin.o)
 .text.DVLB_ParseFile
                0x0010c678      0x1ac C:/devkitPro/libctru/lib\libctru.a(shbin.o)
                0x0010c678                DVLB_ParseFile
 .text.DVLB_Free
                0x0010c824       0x50 C:/devkitPro/libctru/lib\libctru.a(shbin.o)
                0x0010c824                DVLB_Free
 .text.DVLE_GetUniformRegister
                0x0010c874       0x74 C:/devkitPro/libctru/lib\libctru.a(shbin.o)
                0x0010c874                DVLE_GetUniformRegister
 .text.aptConvertScreenForCapture
                0x0010c8e8      0x180 C:/devkitPro/libctru/lib\libctru.a(apt.o)
 .text.aptDspSleep
                0x0010ca68        0x8 C:/devkitPro/libctru/lib\libctru.a(apt.o)
                0x0010ca68                aptDspSleep
 .text.aptDspWakeup
                0x0010ca70        0x4 C:/devkitPro/libctru/lib\libctru.a(apt.o)
                0x0010ca70                aptDspWakeup
 .text.aptDspCancel
                0x0010ca74        0x4 C:/devkitPro/libctru/lib\libctru.a(apt.o)
                0x0010ca74                aptDspCancel
 .text.aptSendCommand
                0x0010ca78      0x138 C:/devkitPro/libctru/lib\libctru.a(apt.o)
                0x0010ca78                aptSendCommand
 .text.aptExitProcess
                0x0010cbb0       0x44 C:/devkitPro/libctru/lib\libctru.a(apt.o)
 .text.aptExit  0x0010cbf4      0x394 C:/devkitPro/libctru/lib\libctru.a(apt.o)
                0x0010cbf4                aptExit
 .text.aptHandleSleep
                0x0010cf88       0xd8 C:/devkitPro/libctru/lib\libctru.a(apt.o)
                0x0010cf88                aptHandleSleep
 .text.aptHook  0x0010d060       0x34 C:/devkitPro/libctru/lib\libctru.a(apt.o)
                0x0010d060                aptHook
 .text.aptUnhook
                0x0010d094       0x30 C:/devkitPro/libctru/lib\libctru.a(apt.o)
                0x0010d094                aptUnhook
 .text.APT_SleepIfShellClosed
                0x0010d0c4       0x84 C:/devkitPro/libctru/lib\libctru.a(apt.o)
                0x0010d0c4                APT_SleepIfShellClosed
 .text.aptSetSleepAllowed
                0x0010d148       0x78 C:/devkitPro/libctru/lib\libctru.a(apt.o)
                0x0010d148                aptSetSleepAllowed
 .text.APT_UnlockTransition
                0x0010d1c0       0x84 C:/devkitPro/libctru/lib\libctru.a(apt.o)
                0x0010d1c0                APT_UnlockTransition
 *fill*         0x0010d244        0x4 
 .text.aptEventHandler
                0x0010d248      0x470 C:/devkitPro/libctru/lib\libctru.a(apt.o)
 .text.APT_ReceiveParameter
                0x0010d6b8       0xbc C:/devkitPro/libctru/lib\libctru.a(apt.o)
                0x0010d6b8                APT_ReceiveParameter
 .text.aptReceiveParameter.constprop.0
                0x0010d774       0xb0 C:/devkitPro/libctru/lib\libctru.a(apt.o)
 *fill*         0x0010d824        0x4 
 .text.aptScreenTransfer
                0x0010d828      0x294 C:/devkitPro/libctru/lib\libctru.a(apt.o)
 .text.aptWaitForWakeUp.isra.0
                0x0010dabc      0x2d0 C:/devkitPro/libctru/lib\libctru.a(apt.o)
 .text.aptJumpToHomeMenu
                0x0010dd8c       0xf4 C:/devkitPro/libctru/lib\libctru.a(apt.o)
                0x0010dd8c                aptJumpToHomeMenu
 .text.aptMainLoop
                0x0010de80       0x58 C:/devkitPro/libctru/lib\libctru.a(apt.o)
                0x0010de80                aptMainLoop
 .text.aptInit  0x0010ded8      0x240 C:/devkitPro/libctru/lib\libctru.a(apt.o)
                0x0010ded8                aptInit
 .text.APT_CheckNew3DS
                0x0010e118       0x90 C:/devkitPro/libctru/lib\libctru.a(apt.o)
                0x0010e118                APT_CheckNew3DS
 .text.fsInit   0x0010e1a8      0x104 C:/devkitPro/libctru/lib\libctru.a(fs.o)
                0x0010e1a8                fsInit
 .text.fsExit   0x0010e2ac       0x3c C:/devkitPro/libctru/lib\libctru.a(fs.o)
                0x0010e2ac                fsExit
 .text.fsExemptFromSession
                0x0010e2e8       0x68 C:/devkitPro/libctru/lib\libctru.a(fs.o)
                0x0010e2e8                fsExemptFromSession
 .text.fsUnexemptFromSession
                0x0010e350       0x50 C:/devkitPro/libctru/lib\libctru.a(fs.o)
                0x0010e350                fsUnexemptFromSession
 .text.FSUSER_OpenFile
                0x0010e3a0       0xcc C:/devkitPro/libctru/lib\libctru.a(fs.o)
                0x0010e3a0                FSUSER_OpenFile
 .text.FSUSER_OpenFileDirectly
                0x0010e46c       0xcc C:/devkitPro/libctru/lib\libctru.a(fs.o)
                0x0010e46c                FSUSER_OpenFileDirectly
 .text.FSUSER_DeleteFile
                0x0010e538       0xb8 C:/devkitPro/libctru/lib\libctru.a(fs.o)
                0x0010e538                FSUSER_DeleteFile
 .text.FSUSER_RenameFile
                0x0010e5f0       0xf4 C:/devkitPro/libctru/lib\libctru.a(fs.o)
                0x0010e5f0                FSUSER_RenameFile
 .text.FSUSER_DeleteDirectory
                0x0010e6e4       0xb8 C:/devkitPro/libctru/lib\libctru.a(fs.o)
                0x0010e6e4                FSUSER_DeleteDirectory
 .text.FSUSER_CreateFile
                0x0010e79c       0xd0 C:/devkitPro/libctru/lib\libctru.a(fs.o)
                0x0010e79c                FSUSER_CreateFile
 .text.FSUSER_CreateDirectory
                0x0010e86c       0xc0 C:/devkitPro/libctru/lib\libctru.a(fs.o)
                0x0010e86c                FSUSER_CreateDirectory
 .text.FSUSER_RenameDirectory
                0x0010e92c       0xf4 C:/devkitPro/libctru/lib\libctru.a(fs.o)
                0x0010e92c                FSUSER_RenameDirectory
 .text.FSUSER_OpenDirectory
                0x0010ea20       0xb4 C:/devkitPro/libctru/lib\libctru.a(fs.o)
                0x0010ea20                FSUSER_OpenDirectory
 .text.FSUSER_OpenArchive
                0x0010ead4       0x90 C:/devkitPro/libctru/lib\libctru.a(fs.o)
                0x0010ead4                FSUSER_OpenArchive
 .text.FSUSER_CloseArchive
                0x0010eb64       0x8c C:/devkitPro/libctru/lib\libctru.a(fs.o)
                0x0010eb64                FSUSER_CloseArchive
 .text.FSUSER_GetSdmcArchiveResource
                0x0010ebf0       0x74 C:/devkitPro/libctru/lib\libctru.a(fs.o)
                0x0010ebf0                FSUSER_GetSdmcArchiveResource
 .text.FSUSER_IsSdmcWritable
                0x0010ec64       0x64 C:/devkitPro/libctru/lib\libctru.a(fs.o)
                0x0010ec64                FSUSER_IsSdmcWritable
 .text.FSFILE_Read
                0x0010ecc8       0x64 C:/devkitPro/libctru/lib\libctru.a(fs.o)
                0x0010ecc8                FSFILE_Read
 .text.FSFILE_Write
                0x0010ed2c       0x6c C:/devkitPro/libctru/lib\libctru.a(fs.o)
                0x0010ed2c                FSFILE_Write
 .text.FSFILE_GetSize
                0x0010ed98       0x44 C:/devkitPro/libctru/lib\libctru.a(fs.o)
                0x0010ed98                FSFILE_GetSize
 .text.FSFILE_SetSize
                0x0010eddc       0x28 C:/devkitPro/libctru/lib\libctru.a(fs.o)
                0x0010eddc                FSFILE_SetSize
 .text.FSFILE_Close
                0x0010ee04       0x3c C:/devkitPro/libctru/lib\libctru.a(fs.o)
                0x0010ee04                FSFILE_Close
 .text.FSFILE_Flush
                0x0010ee40       0x24 C:/devkitPro/libctru/lib\libctru.a(fs.o)
                0x0010ee40                FSFILE_Flush
 .text.FSDIR_Read
                0x0010ee64       0x60 C:/devkitPro/libctru/lib\libctru.a(fs.o)
                0x0010ee64                FSDIR_Read
 .text.FSDIR_Close
                0x0010eec4       0x3c C:/devkitPro/libctru/lib\libctru.a(fs.o)
                0x0010eec4                FSDIR_Close
 .text.gspHardwareInit
                0x0010ef00      0xc70 C:/devkitPro/libctru/lib\libctru.a(gspgpu.o)
 .text.gspInit  0x0010fb70      0x280 C:/devkitPro/libctru/lib\libctru.a(gspgpu.o)
                0x0010fb70                gspInit
 .text.gspExit  0x0010fdf0      0x110 C:/devkitPro/libctru/lib\libctru.a(gspgpu.o)
                0x0010fdf0                gspExit
 .text.gspHasGpuRight
                0x0010ff00       0x10 C:/devkitPro/libctru/lib\libctru.a(gspgpu.o)
                0x0010ff00                gspHasGpuRight
 .text.gspPresentBuffer
                0x0010ff10       0xa4 C:/devkitPro/libctru/lib\libctru.a(gspgpu.o)
                0x0010ff10                gspPresentBuffer
 .text.gspSetEventCallback
                0x0010ffb4       0x30 C:/devkitPro/libctru/lib\libctru.a(gspgpu.o)
                0x0010ffb4                gspSetEventCallback
 .text.gspWaitForEvent
                0x0010ffe4       0x50 C:/devkitPro/libctru/lib\libctru.a(gspgpu.o)
                0x0010ffe4                gspWaitForEvent
 .text.gspWaitForAnyEvent
                0x00110034       0x4c C:/devkitPro/libctru/lib\libctru.a(gspgpu.o)
                0x00110034                gspWaitForAnyEvent
 .text.gspEventThreadMain
                0x00110080      0x154 C:/devkitPro/libctru/lib\libctru.a(gspgpu.o)
 .text.gspSubmitGxCommand
                0x001101d4      0x12c C:/devkitPro/libctru/lib\libctru.a(gspgpu.o)
                0x001101d4                gspSubmitGxCommand
 .text.GSPGPU_FlushDataCache
                0x00110300       0x50 C:/devkitPro/libctru/lib\libctru.a(gspgpu.o)
                0x00110300                GSPGPU_FlushDataCache
 .text.GSPGPU_SetLcdForceBlack
                0x00110350       0x34 C:/devkitPro/libctru/lib\libctru.a(gspgpu.o)
                0x00110350                GSPGPU_SetLcdForceBlack
 .text.GSPGPU_AcquireRight
                0x00110384       0x80 C:/devkitPro/libctru/lib\libctru.a(gspgpu.o)
                0x00110384                GSPGPU_AcquireRight
 .text.GSPGPU_ReleaseRight
                0x00110404       0x5c C:/devkitPro/libctru/lib\libctru.a(gspgpu.o)
                0x00110404                GSPGPU_ReleaseRight
 .text.GSPGPU_ImportDisplayCaptureInfo
                0x00110460       0x7c C:/devkitPro/libctru/lib\libctru.a(gspgpu.o)
                0x00110460                GSPGPU_ImportDisplayCaptureInfo
 .text.GSPGPU_SaveVramSysArea
                0x001104dc       0x2c C:/devkitPro/libctru/lib\libctru.a(gspgpu.o)
                0x001104dc                GSPGPU_SaveVramSysArea
 .text.GSPGPU_RestoreVramSysArea
                0x00110508       0x2c C:/devkitPro/libctru/lib\libctru.a(gspgpu.o)
                0x00110508                GSPGPU_RestoreVramSysArea
 .text.hidShouldUseIrrst
                0x00110534       0x24 C:/devkitPro/libctru/lib\libctru.a(hid.o)
                0x00110534                hidShouldUseIrrst
 .text.hidInit  0x00110558      0x1cc C:/devkitPro/libctru/lib\libctru.a(hid.o)
                0x00110558                hidInit
 .text.hidExit  0x00110724       0xe8 C:/devkitPro/libctru/lib\libctru.a(hid.o)
                0x00110724                hidExit
 .text.hidScanInput
                0x0011080c      0x2a0 C:/devkitPro/libctru/lib\libctru.a(hid.o)
                0x0011080c                hidScanInput
 .text.hidKeysHeld
                0x00110aac       0x10 C:/devkitPro/libctru/lib\libctru.a(hid.o)
                0x00110aac                hidKeysHeld
 .text.hidKeysDown
                0x00110abc       0x10 C:/devkitPro/libctru/lib\libctru.a(hid.o)
                0x00110abc                hidKeysDown
 .text.hidKeysUp
                0x00110acc       0x10 C:/devkitPro/libctru/lib\libctru.a(hid.o)
                0x00110acc                hidKeysUp
 .text.irrstInit
                0x00110adc      0x1a4 C:/devkitPro/libctru/lib\libctru.a(irrst.o)
                0x00110adc                irrstInit
 .text.irrstExit
                0x00110c80       0xdc C:/devkitPro/libctru/lib\libctru.a(irrst.o)
                0x00110c80                irrstExit
 .text.irrstScanInput
                0x00110d5c       0xb4 C:/devkitPro/libctru/lib\libctru.a(irrst.o)
                0x00110d5c                irrstScanInput
 .text.irrstKeysHeld
                0x00110e10       0x24 C:/devkitPro/libctru/lib\libctru.a(irrst.o)
                0x00110e10                irrstKeysHeld
 .text.ptmSysmInit
                0x00110e34       0x78 C:/devkitPro/libctru/lib\libctru.a(ptmsysm.o)
                0x00110e34                ptmSysmInit
 .text.ptmSysmExit
                0x00110eac       0x3c C:/devkitPro/libctru/lib\libctru.a(ptmsysm.o)
                0x00110eac                ptmSysmExit
 .text.PTMSYSM_ConfigureNew3DSCPU
                0x00110ee8       0x34 C:/devkitPro/libctru/lib\libctru.a(ptmsysm.o)
                0x00110ee8                PTMSYSM_ConfigureNew3DSCPU
 .text.buffer_read
                0x00110f1c       0xe0 C:/devkitPro/libctru/lib\libctru.a(decompress.o)
 .text.iov_read
                0x00110ffc       0xcc C:/devkitPro/libctru/lib\libctru.a(decompress.o)
 .text.iov_memmove
                0x001110c8      0x164 C:/devkitPro/libctru/lib\libctru.a(decompress.o)
 .text.decompress_rle
                0x0011122c      0x1e0 C:/devkitPro/libctru/lib\libctru.a(decompress.o)
 .text.decompress_lzss
                0x0011140c      0x264 C:/devkitPro/libctru/lib\libctru.a(decompress.o)
 .text.decompress_lz11
                0x00111670      0x418 C:/devkitPro/libctru/lib\libctru.a(decompress.o)
 .text.decompress_huff.isra.0
                0x00111a88      0x31c C:/devkitPro/libctru/lib\libctru.a(decompress.o)
 .text.decompressCallback_Stdio
                0x00111da4       0x10 C:/devkitPro/libctru/lib\libctru.a(decompress.o)
                0x00111da4                decompressCallback_Stdio
 .text.decompressHeader
                0x00111db4       0xe4 C:/devkitPro/libctru/lib\libctru.a(decompress.o)
                0x00111db4                decompressHeader
 .text.decompressV
                0x00111e98      0x21c C:/devkitPro/libctru/lib\libctru.a(decompress.o)
                0x00111e98                decompressV
 .text.rbtree_find
                0x001120b4       0x74 C:/devkitPro/libctru/lib\libctru.a(rbtree_find.o)
                0x001120b4                rbtree_find
 .text.rbtree_init
                0x00112128       0x10 C:/devkitPro/libctru/lib\libctru.a(rbtree_init.o)
                0x00112128                rbtree_init
 .text.do_insert
                0x00112138      0x198 C:/devkitPro/libctru/lib\libctru.a(rbtree_insert.o)
 .text.rbtree_insert
                0x001122d0        0x8 C:/devkitPro/libctru/lib\libctru.a(rbtree_insert.o)
                0x001122d0                rbtree_insert
 .text.rbtree_remove
                0x001122d8      0x310 C:/devkitPro/libctru/lib\libctru.a(rbtree_remove.o)
                0x001122d8                rbtree_remove
 .text.rbtree_rotate
                0x001125e8       0x90 C:/devkitPro/libctru/lib\libctru.a(rbtree_rotate.o)
                0x001125e8                rbtree_rotate
 .text.utf16_to_utf8
                0x00112678       0xe8 C:/devkitPro/libctru/lib\libctru.a(utf16_to_utf8.o)
                0x00112678                utf16_to_utf8
 .text.utf8_to_utf16
                0x00112760       0xc0 C:/devkitPro/libctru/lib\libctru.a(utf8_to_utf16.o)
                0x00112760                utf8_to_utf16
 .text.__system_allocateHeaps
                0x00112820      0x1e8 C:/devkitPro/libctru/lib\libctru.a(allocateHeaps.o)
                0x00112820                __system_allocateHeaps
 .text.__libctru_init
                0x00112a08       0x38 C:/devkitPro/libctru/lib\libctru.a(ctru_init.o)
                0x00112a08                __libctru_init
 .text.__system_initArgv
                0x00112a40      0x16c C:/devkitPro/libctru/lib\libctru.a(initArgv.o)
                0x00112a40                __system_initArgv
 .text.__syscall_getreent
                0x00112bac       0x30 C:/devkitPro/libctru/lib\libctru.a(syscalls.o)
                0x00112bac                __syscall_getreent
 .text.__syscall_gettod_r
                0x00112bdc       0x64 C:/devkitPro/libctru/lib\libctru.a(syscalls.o)
                0x00112bdc                __syscall_gettod_r
 .text.__syscall_lock_acquire
                0x00112c40        0x4 C:/devkitPro/libctru/lib\libctru.a(syscalls.o)
                0x00112c40                __syscall_lock_acquire
 .text.__syscall_lock_release
                0x00112c44        0x4 C:/devkitPro/libctru/lib\libctru.a(syscalls.o)
                0x00112c44                __syscall_lock_release
 .text.__syscall_lock_acquire_recursive
                0x00112c48        0x4 C:/devkitPro/libctru/lib\libctru.a(syscalls.o)
                0x00112c48                __syscall_lock_acquire_recursive
 .text.__syscall_lock_release_recursive
                0x00112c4c        0x4 C:/devkitPro/libctru/lib\libctru.a(syscalls.o)
                0x00112c4c                __syscall_lock_release_recursive
 .text.__syscall_exit
                0x00112c50        0x4 C:/devkitPro/libctru/lib\libctru.a(syscalls.o)
                0x00112c50                __syscall_exit
 .text.initThreadVars
                0x00112c54       0x54 C:/devkitPro/libctru/lib\libctru.a(syscalls.o)
                0x00112c54                initThreadVars
 .text.__system_initSyscalls
                0x00112ca8       0x80 C:/devkitPro/libctru/lib\libctru.a(syscalls.o)
                0x00112ca8                __system_initSyscalls
 .text.svcControlMemory
                0x00112d28       0x20 C:/devkitPro/libctru/lib\libctru.a(svc.o)
                0x00112d28                svcControlMemory
 .text.svcQueryMemory
                0x00112d48       0x30 C:/devkitPro/libctru/lib\libctru.a(svc.o)
                0x00112d48                svcQueryMemory
 .text.svcExitProcess
                0x00112d78        0x8 C:/devkitPro/libctru/lib\libctru.a(svc.o)
                0x00112d78                svcExitProcess
 .text.svcCreateThread
                0x00112d80       0x20 C:/devkitPro/libctru/lib\libctru.a(svc.o)
                0x00112d80                svcCreateThread
 .text.svcExitThread
                0x00112da0        0x8 C:/devkitPro/libctru/lib\libctru.a(svc.o)
                0x00112da0                svcExitThread
 .text.svcSleepThread
                0x00112da8        0x8 C:/devkitPro/libctru/lib\libctru.a(svc.o)
                0x00112da8                svcSleepThread
 .text.svcReleaseMutex
                0x00112db0        0x8 C:/devkitPro/libctru/lib\libctru.a(svc.o)
                0x00112db0                svcReleaseMutex
 .text.svcCreateEvent
                0x00112db8       0x14 C:/devkitPro/libctru/lib\libctru.a(svc.o)
                0x00112db8                svcCreateEvent
 .text.svcSignalEvent
                0x00112dcc        0x8 C:/devkitPro/libctru/lib\libctru.a(svc.o)
                0x00112dcc                svcSignalEvent
 .text.svcClearEvent
                0x00112dd4        0x8 C:/devkitPro/libctru/lib\libctru.a(svc.o)
                0x00112dd4                svcClearEvent
 .text.svcMapMemoryBlock
                0x00112ddc        0x8 C:/devkitPro/libctru/lib\libctru.a(svc.o)
                0x00112ddc                svcMapMemoryBlock
 .text.svcUnmapMemoryBlock
                0x00112de4        0x8 C:/devkitPro/libctru/lib\libctru.a(svc.o)
                0x00112de4                svcUnmapMemoryBlock
 .text.svcCreateAddressArbiter
                0x00112dec       0x14 C:/devkitPro/libctru/lib\libctru.a(svc.o)
                0x00112dec                svcCreateAddressArbiter
 .text.svcArbitrateAddressNoTimeout
                0x00112e00        0x8 C:/devkitPro/libctru/lib\libctru.a(svc.o)
                0x00112e00                svcArbitrateAddressNoTimeout
 .text.svcCloseHandle
                0x00112e08        0x8 C:/devkitPro/libctru/lib\libctru.a(svc.o)
                0x00112e08                svcCloseHandle
 .text.svcWaitSynchronization
                0x00112e10        0x8 C:/devkitPro/libctru/lib\libctru.a(svc.o)
                0x00112e10                svcWaitSynchronization
 .text.svcWaitSynchronizationN
                0x00112e18       0x28 C:/devkitPro/libctru/lib\libctru.a(svc.o)
                0x00112e18                svcWaitSynchronizationN
 .text.svcDuplicateHandle
                0x00112e40       0x14 C:/devkitPro/libctru/lib\libctru.a(svc.o)
                0x00112e40                svcDuplicateHandle
 .text.svcGetSystemTick
                0x00112e54        0x8 C:/devkitPro/libctru/lib\libctru.a(svc.o)
                0x00112e54                svcGetSystemTick
 .text.svcConnectToPort
                0x00112e5c       0x14 C:/devkitPro/libctru/lib\libctru.a(svc.o)
                0x00112e5c                svcConnectToPort
 .text.svcSendSyncRequest
                0x00112e70        0x8 C:/devkitPro/libctru/lib\libctru.a(svc.o)
                0x00112e70                svcSendSyncRequest
 .text.svcGetResourceLimit
                0x00112e78       0x14 C:/devkitPro/libctru/lib\libctru.a(svc.o)
                0x00112e78                svcGetResourceLimit
 .text.svcGetResourceLimitLimitValues
                0x00112e8c        0x8 C:/devkitPro/libctru/lib\libctru.a(svc.o)
                0x00112e8c                svcGetResourceLimitLimitValues
 .text.svcGetResourceLimitCurrentValues
                0x00112e94        0x8 C:/devkitPro/libctru/lib\libctru.a(svc.o)
                0x00112e94                svcGetResourceLimitCurrentValues
 .text.svcBreak
                0x00112e9c        0x8 C:/devkitPro/libctru/lib\libctru.a(svc.o)
                0x00112e9c                svcBreak
 .text.__aeabi_read_tp
                0x00112ea4        0xc C:/devkitPro/libctru/lib\libctru.a(readtp.o)
                0x00112ea4                __aeabi_read_tp
 .text.initSystem
                0x00112eb0       0x50 C:/devkitPro/libctru/lib\libctru.a(stack_adjust.o)
                0x00112eb0                initSystem
 .text.__ctru_exit
                0x00112f00       0x14 C:/devkitPro/libctru/lib\libctru.a(stack_adjust.o)
                0x00112f00                __ctru_exit
 .text.envGetHandle
                0x00112f14       0x8c C:/devkitPro/libctru/lib\libctru.a(env.o)
                0x00112f14                envGetHandle
 .text.envDestroyHandles
                0x00112fa0       0x50 C:/devkitPro/libctru/lib\libctru.a(env.o)
                0x00112fa0                envDestroyHandles
 .text.srvInit  0x00112ff0      0x164 C:/devkitPro/libctru/lib\libctru.a(srv.o)
                0x00112ff0                srvInit
 .text.srvExit  0x00113154       0x64 C:/devkitPro/libctru/lib\libctru.a(srv.o)
                0x00113154                srvExit
 .text.srvEnableNotification
                0x001131b8       0x60 C:/devkitPro/libctru/lib\libctru.a(srv.o)
                0x001131b8                srvEnableNotification
 .text.srvGetServiceHandleDirect
                0x00113218       0xa0 C:/devkitPro/libctru/lib\libctru.a(srv.o)
                0x00113218                srvGetServiceHandleDirect
 .text.srvGetServiceHandle
                0x001132b8       0x48 C:/devkitPro/libctru/lib\libctru.a(srv.o)
                0x001132b8                srvGetServiceHandle
 .text.srvSubscribe
                0x00113300       0x34 C:/devkitPro/libctru/lib\libctru.a(srv.o)
                0x00113300                srvSubscribe
 .text.srvReceiveNotification
                0x00113334       0x60 C:/devkitPro/libctru/lib\libctru.a(srv.o)
                0x00113334                srvReceiveNotification
 .text.srvPublishToSubscriber
                0x00113394       0x38 C:/devkitPro/libctru/lib\libctru.a(srv.o)
                0x00113394                srvPublishToSubscriber
 .text.__sync_init
                0x001133cc        0xc C:/devkitPro/libctru/lib\libctru.a(synchronization.o)
                0x001133cc                __sync_init
 .text.__sync_fini
                0x001133d8       0x18 C:/devkitPro/libctru/lib\libctru.a(synchronization.o)
                0x001133d8                __sync_fini
 .text.syncArbitrateAddress
                0x001133f0       0x28 C:/devkitPro/libctru/lib\libctru.a(synchronization.o)
                0x001133f0                syncArbitrateAddress
 .text.LightLock_Lock
                0x00113418       0xac C:/devkitPro/libctru/lib\libctru.a(synchronization.o)
                0x00113418                LightLock_Lock
 .text.LightLock_Unlock
                0x001134c4       0x40 C:/devkitPro/libctru/lib\libctru.a(synchronization.o)
                0x001134c4                LightLock_Unlock
 .text.RecursiveLock_Lock
                0x00113504       0x54 C:/devkitPro/libctru/lib\libctru.a(synchronization.o)
                0x00113504                RecursiveLock_Lock
 .text.RecursiveLock_Unlock
                0x00113558       0x54 C:/devkitPro/libctru/lib\libctru.a(synchronization.o)
                0x00113558                RecursiveLock_Unlock
 .text.LightEvent_Init
                0x001135ac       0x44 C:/devkitPro/libctru/lib\libctru.a(synchronization.o)
                0x001135ac                LightEvent_Init
 .text.LightEvent_Clear
                0x001135f0       0xb8 C:/devkitPro/libctru/lib\libctru.a(synchronization.o)
                0x001135f0                LightEvent_Clear
 .text.LightEvent_Signal
                0x001136a8       0xdc C:/devkitPro/libctru/lib\libctru.a(synchronization.o)
                0x001136a8                LightEvent_Signal
 .text.LightEvent_TryWait
                0x00113784       0x50 C:/devkitPro/libctru/lib\libctru.a(synchronization.o)
                0x00113784                LightEvent_TryWait
 .text.LightEvent_Wait
                0x001137d4       0xac C:/devkitPro/libctru/lib\libctru.a(synchronization.o)
                0x001137d4                LightEvent_Wait
 .text.threadCreate
                0x00113880      0x1fc C:/devkitPro/libctru/lib\libctru.a(thread.o)
                0x00113880                threadCreate
 .text.threadFree
                0x00113a7c       0x38 C:/devkitPro/libctru/lib\libctru.a(thread.o)
                0x00113a7c                threadFree
 .text.threadJoin
                0x00113ab4       0x24 C:/devkitPro/libctru/lib\libctru.a(thread.o)
                0x00113ab4                threadJoin
 .text.threadGetCurrent
                0x00113ad8       0x30 C:/devkitPro/libctru/lib\libctru.a(thread.o)
                0x00113ad8                threadGetCurrent
 .text.threadExit
                0x00113b08       0x40 C:/devkitPro/libctru/lib\libctru.a(thread.o)
                0x00113b08                threadExit
 .text._thread_begin
                0x00113b48       0x20 C:/devkitPro/libctru/lib\libctru.a(thread.o)
 .text.mappableFindAddressWithin
                0x00113b68       0x90 C:/devkitPro/libctru/lib\libctru.a(mappable.o)
 .text.mappableInit
                0x00113bf8       0x28 C:/devkitPro/libctru/lib\libctru.a(mappable.o)
                0x00113bf8                mappableInit
 .text.mappableAlloc
                0x00113c20       0x7c C:/devkitPro/libctru/lib\libctru.a(mappable.o)
                0x00113c20                mappableAlloc
 .text.mappableFree
                0x00113c9c        0x4 C:/devkitPro/libctru/lib\libctru.a(mappable.o)
                0x00113c9c                mappableFree
 .text.srvPmGetSessionHandle
                0x00113ca0        0xc C:/devkitPro/libctru/lib\libctru.a(srvpm.o)
                0x00113ca0                srvPmGetSessionHandle
 .text.rbtree_node_next
                0x00113cac       0x60 C:/devkitPro/libctru/lib\libctru.a(rbtree_iterator.o)
                0x00113cac                rbtree_node_next
 .text.decode_utf16
                0x00113d0c       0x54 C:/devkitPro/libctru/lib\libctru.a(decode_utf16.o)
                0x00113d0c                decode_utf16
 .text.decode_utf8
                0x00113d60      0x140 C:/devkitPro/libctru/lib\libctru.a(decode_utf8.o)
                0x00113d60                decode_utf8
 .text.encode_utf16
                0x00113ea0       0x54 C:/devkitPro/libctru/lib\libctru.a(encode_utf16.o)
                0x00113ea0                encode_utf16
 .text.encode_utf8
                0x00113ef4       0xe0 C:/devkitPro/libctru/lib\libctru.a(encode_utf8.o)
                0x00113ef4                encode_utf8
 .text.__appExit
                0x00113fd4       0x30 C:/devkitPro/libctru/lib\libctru.a(appExit.o)
                0x00113fd4                __appExit
 .text.__appInit
                0x00114004       0x30 C:/devkitPro/libctru/lib\libctru.a(appInit.o)
                0x00114004                __appInit
 .text.__libctru_exit
                0x00114034       0x90 C:/devkitPro/libctru/lib\libctru.a(ctru_exit.o)
                0x00114034                __libctru_exit
 .text.archive_link
                0x001140c4       0x14 C:/devkitPro/libctru/lib\libctru.a(archive_dev.o)
 .text.archive_dirreset
                0x001140d8       0x14 C:/devkitPro/libctru/lib\libctru.a(archive_dev.o)
 .text.archive_chmod
                0x001140ec       0x14 C:/devkitPro/libctru/lib\libctru.a(archive_dev.o)
 .text.error_cmp
                0x00114100       0x24 C:/devkitPro/libctru/lib\libctru.a(archive_dev.o)
 .text.archive_translate_error
                0x00114124       0x50 C:/devkitPro/libctru/lib\libctru.a(archive_dev.o)
 .text.archive_seek
                0x00114174       0xc0 C:/devkitPro/libctru/lib\libctru.a(archive_dev.o)
 .text._archiveInit.part.0
                0x00114234       0x78 C:/devkitPro/libctru/lib\libctru.a(archive_dev.o)
 .text.archiveFindDevice.part.0
                0x001142ac       0xd4 C:/devkitPro/libctru/lib\libctru.a(archive_dev.o)
 .text.archive_utf16path
                0x00114380      0x298 C:/devkitPro/libctru/lib\libctru.a(archive_dev.o)
 .text._archiveUnmountDeviceStruct.part.0
                0x00114618       0x98 C:/devkitPro/libctru/lib\libctru.a(archive_dev.o)
 .text.archive_statvfs
                0x001146b0       0x14 C:/devkitPro/libctru/lib\libctru.a(archive_dev.o)
 .text.archive_fchmod
                0x001146c4       0x14 C:/devkitPro/libctru/lib\libctru.a(archive_dev.o)
 .text._archiveMountDevice
                0x001146d8      0x178 C:/devkitPro/libctru/lib\libctru.a(archive_dev.o)
 .text.archive_diropen
                0x00114850       0xf8 C:/devkitPro/libctru/lib\libctru.a(archive_dev.o)
 .text.archive_fstat
                0x00114948       0xac C:/devkitPro/libctru/lib\libctru.a(archive_dev.o)
 .text.archive_fsync
                0x001149f4       0x74 C:/devkitPro/libctru/lib\libctru.a(archive_dev.o)
 .text.archive_close
                0x00114a68       0x74 C:/devkitPro/libctru/lib\libctru.a(archive_dev.o)
 .text.archive_dirclose
                0x00114adc       0x78 C:/devkitPro/libctru/lib\libctru.a(archive_dev.o)
 .text.sdmc_statvfs
                0x00114b54       0xec C:/devkitPro/libctru/lib\libctru.a(archive_dev.o)
 .text.archive_chdir
                0x00114c40       0xf8 C:/devkitPro/libctru/lib\libctru.a(archive_dev.o)
 .text.archive_ftruncate
                0x00114d38       0x8c C:/devkitPro/libctru/lib\libctru.a(archive_dev.o)
 .text.archive_read
                0x00114dc4       0xbc C:/devkitPro/libctru/lib\libctru.a(archive_dev.o)
 .text.archive_unlink
                0x00114e80       0xa8 C:/devkitPro/libctru/lib\libctru.a(archive_dev.o)
 .text.archive_rmdir
                0x00114f28       0xc0 C:/devkitPro/libctru/lib\libctru.a(archive_dev.o)
 .text.archive_mkdir
                0x00114fe8       0xd8 C:/devkitPro/libctru/lib\libctru.a(archive_dev.o)
 .text.archive_stat
                0x001150c0      0x1a0 C:/devkitPro/libctru/lib\libctru.a(archive_dev.o)
 .text.archive_dirnext
                0x00115260      0x164 C:/devkitPro/libctru/lib\libctru.a(archive_dev.o)
 .text.archive_write
                0x001153c4      0x13c C:/devkitPro/libctru/lib\libctru.a(archive_dev.o)
 .text.archive_open
                0x00115500      0x254 C:/devkitPro/libctru/lib\libctru.a(archive_dev.o)
 .text.archive_rename
                0x00115754      0x270 C:/devkitPro/libctru/lib\libctru.a(archive_dev.o)
 .text.archiveMountSdmc
                0x001159c4      0x1c8 C:/devkitPro/libctru/lib\libctru.a(archive_dev.o)
                0x001159c4                archiveMountSdmc
 .text.archiveUnmountAll
                0x00115b8c       0x54 C:/devkitPro/libctru/lib\libctru.a(archive_dev.o)
                0x00115b8c                archiveUnmountAll
 .text.sinf     0x00115be0      0x264 C:/devkitPro/devkitARM/bin/../lib/gcc/arm-none-eabi/15.2.0/../../../../arm-none-eabi/lib/armv6k/fpu\libm.a(libm_a-sinf.o)
                0x00115be0                sinf
 .text.with_errnof
                0x00115e44       0x24 C:/devkitPro/devkitARM/bin/../lib/gcc/arm-none-eabi/15.2.0/../../../../arm-none-eabi/lib/armv6k/fpu\libm.a(libm_a-math_errf.o)
 .text.__math_invalidf
                0x00115e68       0x1c C:/devkitPro/devkitARM/bin/../lib/gcc/arm-none-eabi/15.2.0/../../../../arm-none-eabi/lib/armv6k/fpu\libm.a(libm_a-math_errf.o)
                0x00115e68                __math_invalidf
 *fill*         0x00115e84        0x4 
 .text.cosf     0x00115e88      0x25c C:/devkitPro/devkitARM/bin/../lib/gcc/arm-none-eabi/15.2.0/../../../../arm-none-eabi/lib/armv6k/fpu\libm.a(libm_a-cosf.o)
                0x00115e88                cosf
 .text.__fixdfdi
                0x001160e4       0x2c C:/devkitPro/devkitARM/bin/../lib/gcc/arm-none-eabi/15.2.0/armv6k/fpu\libgcc.a(_fixdfdi.o)
                0x001160e4                __fixdfdi
                0x001160e4                __aeabi_d2lz
 .text.__fixunsdfdi
                0x00116110       0x40 C:/devkitPro/devkitARM/bin/../lib/gcc/arm-none-eabi/15.2.0/armv6k/fpu\libgcc.a(_fixunsdfdi.o)
                0x00116110                __fixunsdfdi
                0x00116110                __aeabi_d2ulz
 .text.__udivmoddi4
                0x00116150      0x130 C:/devkitPro/devkitARM/bin/../lib/gcc/arm-none-eabi/15.2.0/armv6k/fpu\libgcc.a(_udivmoddi4.o)
                0x00116150                __udivmoddi4
 .text.strncmp  0x00116280       0xd8 C:/devkitPro/devkitARM/bin/../lib/gcc/arm-none-eabi/15.2.0/../../../../arm-none-eabi/lib/armv6k/fpu\libc.a(libc_a-strncmp.o)
                0x00116280                strncmp
 .text.strchr   0x00116358      0x140 C:/devkitPro/devkitARM/bin/../lib/gcc/arm-none-eabi/15.2.0/../../../../arm-none-eabi/lib/armv6k/fpu\libc.a(libc_a-strchr.o)
                0x00116358                strchr
 .text._fclose_r
                0x00116498      0x144 C:/devkitPro/devkitARM/bin/../lib/gcc/arm-none-eabi/15.2.0/../../../../arm-none-eabi/lib/armv6k/fpu\libc.a(libc_a-fclose.o)
                0x00116498                _fclose_r
 .text.fclose   0x001165dc       0x20 C:/devkitPro/devkitARM/bin/../lib/gcc/arm-none-eabi/15.2.0/../../../../arm-none-eabi/lib/armv6k/fpu\libc.a(libc_a-fclose.o)
                0x001165dc                fclose
 .text.sulp     0x001165fc       0x60 C:/devkitPro/devkitARM/bin/../lib/gcc/arm-none-eabi/15.2.0/../../../../arm-none-eabi/lib/armv6k/fpu\libc.a(libc_a-strtod.o)
 *fill*         0x0011665c        0x4 
 .text._strtod_l
                0x00116660     0x1428 C:/devkitPro/devkitARM/bin/../lib/gcc/arm-none-eabi/15.2.0/../../../../arm-none-eabi/lib/armv6k/fpu\libc.a(libc_a-strtod.o)
                0x00116660                _strtod_l
 .text.strtod   0x00117a88       0x48 C:/devkitPro/devkitARM/bin/../lib/gcc/arm-none-eabi/15.2.0/../../../../arm-none-eabi/lib/armv6k/fpu\libc.a(libc_a-strtod.o)
                0x00117a88                strtod
 .text.strlen   0x00117ad0       0x8c C:/devkitPro/devkitARM/bin/../lib/gcc/arm-none-eabi/15.2.0/../../../../arm-none-eabi/lib/armv6k/fpu\libc.a(libc_a-strlen.o)
                0x00117ad0                strlen
 .text.rshift   0x00117b5c       0xf4 C:/devkitPro/devkitARM/bin/../lib/gcc/arm-none-eabi/15.2.0/../../../../arm-none-eabi/lib/armv6k/fpu\libc.a(libc_a-gdtoa-gethex.o)
 .text.__gethex
                0x00117c50      0x8b4 C:/devkitPro/devkitARM/bin/../lib/gcc/arm-none-eabi/15.2.0/../../../../arm-none-eabi/lib/armv6k/fpu\libc.a(libc_a-gdtoa-gethex.o)
                0x00117c50                __gethex
 .text.memcmp   0x00118504       0xd8 C:/devkitPro/devkitARM/bin/../lib/gcc/arm-none-eabi/15.2.0/../../../../arm-none-eabi/lib/armv6k/fpu\libc.a(libc_a-memcmp.o)
                0x00118504                memcmp
 .text.stdio_exit_handler
                0x001185dc       0x1c C:/devkitPro/devkitARM/bin/../lib/gcc/arm-none-eabi/15.2.0/../../../../arm-none-eabi/lib/armv6k/fpu\libc.a(libc_a-findfp.o)
 .text.cleanup_stdio
                0x001185f8       0x5c C:/devkitPro/devkitARM/bin/../lib/gcc/arm-none-eabi/15.2.0/../../../../arm-none-eabi/lib/armv6k/fpu\libc.a(libc_a-findfp.o)
 .text.global_stdio_init.part.0
                0x00118654      0x154 C:/devkitPro/devkitARM/bin/../lib/gcc/arm-none-eabi/15.2.0/../../../../arm-none-eabi/lib/armv6k/fpu\libc.a(libc_a-findfp.o)
 .text.__sfp    0x001187a8      0x138 C:/devkitPro/devkitARM/bin/../lib/gcc/arm-none-eabi/15.2.0/../../../../arm-none-eabi/lib/armv6k/fpu\libc.a(libc_a-findfp.o)
                0x001187a8                __sfp
 .text.__sinit  0x001188e0       0x5c C:/devkitPro/devkitARM/bin/../lib/gcc/arm-none-eabi/15.2.0/../../../../arm-none-eabi/lib/armv6k/fpu\libc.a(libc_a-findfp.o)
                0x001188e0                __sinit
 .text.__sfp_lock_acquire
                0x0011893c        0xc C:/devkitPro/devkitARM/bin/../lib/gcc/arm-none-eabi/15.2.0/../../../../arm-none-eabi/lib/armv6k/fpu\libc.a(libc_a-findfp.o)
                0x0011893c                __sfp_lock_acquire
 .text.__sfp_lock_release
                0x00118948        0xc C:/devkitPro/devkitARM/bin/../lib/gcc/arm-none-eabi/15.2.0/../../../../arm-none-eabi/lib/armv6k/fpu\libc.a(libc_a-findfp.o)
                0x00118948                __sfp_lock_release
 .text._strtoul_l.isra.0
                0x00118954      0x1ec C:/devkitPro/devkitARM/bin/../lib/gcc/arm-none-eabi/15.2.0/../../../../arm-none-eabi/lib/armv6k/fpu\libc.a(libc_a-strtoul.o)
 .text.strtoul  0x00118b40       0x3c C:/devkitPro/devkitARM/bin/../lib/gcc/arm-none-eabi/15.2.0/../../../../arm-none-eabi/lib/armv6k/fpu\libc.a(libc_a-strtoul.o)
                0x00118b40                strtoul
 .text.__libc_init_array
                0x00118b7c       0x84 C:/devkitPro/devkitARM/bin/../lib/gcc/arm-none-eabi/15.2.0/../../../../arm-none-eabi/lib/armv6k/fpu\libc.a(libc_a-init.o)
                0x00118b7c                __libc_init_array
 .text.strncat  0x00118c00       0x9c C:/devkitPro/devkitARM/bin/../lib/gcc/arm-none-eabi/15.2.0/../../../../arm-none-eabi/lib/armv6k/fpu\libc.a(libc_a-strncat.o)
                0x00118c00                strncat
 .text._fwalk_sglue
                0x00118c9c       0x70 C:/devkitPro/devkitARM/bin/../lib/gcc/arm-none-eabi/15.2.0/../../../../arm-none-eabi/lib/armv6k/fpu\libc.a(libc_a-fwalk.o)
                0x00118c9c                _fwalk_sglue
 .text.bsearch  0x00118d0c       0x78 C:/devkitPro/devkitARM/bin/../lib/gcc/arm-none-eabi/15.2.0/../../../../arm-none-eabi/lib/armv6k/fpu\libc.a(libc_a-bsearch.o)
                0x00118d0c                bsearch
 .text.__errno  0x00118d84        0xc C:/devkitPro/devkitARM/bin/../lib/gcc/arm-none-eabi/15.2.0/../../../../arm-none-eabi/lib/armv6k/fpu\libc.a(libc_a-errno.o)
                0x00118d84                __errno
 .text.calloc   0x00118d90       0x28 C:/devkitPro/devkitARM/bin/../lib/gcc/arm-none-eabi/15.2.0/../../../../arm-none-eabi/lib/armv6k/fpu\libc.a(libc_a-calloc.o)
                0x00118d90                calloc
 .text._puts_r  0x00118db8       0xe0 C:/devkitPro/devkitARM/bin/../lib/gcc/arm-none-eabi/15.2.0/../../../../arm-none-eabi/lib/armv6k/fpu\libc.a(libc_a-puts.o)
                0x00118db8                _puts_r
 .text.puts     0x00118e98       0x20 C:/devkitPro/devkitARM/bin/../lib/gcc/arm-none-eabi/15.2.0/../../../../arm-none-eabi/lib/armv6k/fpu\libc.a(libc_a-puts.o)
                0x00118e98                puts
 .text._calloc_r
                0x00118eb8       0xd8 C:/devkitPro/devkitARM/bin/../lib/gcc/arm-none-eabi/15.2.0/../../../../arm-none-eabi/lib/armv6k/fpu\libc.a(libc_a-callocr.o)
                0x00118eb8                _calloc_r
 .text.realloc  0x00118f90       0x28 C:/devkitPro/devkitARM/bin/../lib/gcc/arm-none-eabi/15.2.0/../../../../arm-none-eabi/lib/armv6k/fpu\libc.a(libc_a-realloc.o)
                0x00118f90                realloc
 .text.strdup   0x00118fb8       0x20 C:/devkitPro/devkitARM/bin/../lib/gcc/arm-none-eabi/15.2.0/../../../../arm-none-eabi/lib/armv6k/fpu\libc.a(libc_a-strdup.o)
                0x00118fb8                strdup
 .text._fseek_r
                0x00118fd8       0x1c C:/devkitPro/devkitARM/bin/../lib/gcc/arm-none-eabi/15.2.0/../../../../arm-none-eabi/lib/armv6k/fpu\libc.a(libc_a-fseek.o)
                0x00118fd8                _fseek_r
 .text.fseek    0x00118ff4       0x34 C:/devkitPro/devkitARM/bin/../lib/gcc/arm-none-eabi/15.2.0/../../../../arm-none-eabi/lib/armv6k/fpu\libc.a(libc_a-fseek.o)
                0x00118ff4                fseek
 .text.memalign
                0x00119028       0x28 C:/devkitPro/devkitARM/bin/../lib/gcc/arm-none-eabi/15.2.0/../../../../arm-none-eabi/lib/armv6k/fpu\libc.a(libc_a-malign.o)
                0x00119028                memalign
 .text._malloc_r
                0x00119050      0x82c C:/devkitPro/devkitARM/bin/../lib/gcc/arm-none-eabi/15.2.0/../../../../arm-none-eabi/lib/armv6k/fpu\libc.a(libc_a-mallocr.o)
                0x00119050                _malloc_r
 .text._malloc_trim_r
                0x0011987c      0x114 C:/devkitPro/devkitARM/bin/../lib/gcc/arm-none-eabi/15.2.0/../../../../arm-none-eabi/lib/armv6k/fpu\libc.a(libc_a-freer.o)
                0x0011987c                _malloc_trim_r
 .text._free_r  0x00119990      0x314 C:/devkitPro/devkitARM/bin/../lib/gcc/arm-none-eabi/15.2.0/../../../../arm-none-eabi/lib/armv6k/fpu\libc.a(libc_a-freer.o)
                0x00119990                _free_r
 .text.printf   0x00119ca4       0x34 C:/devkitPro/devkitARM/bin/../lib/gcc/arm-none-eabi/15.2.0/../../../../arm-none-eabi/lib/armv6k/fpu\libc.a(libc_a-printf.o)
                0x00119ca4                printf
 .text._strtol_l.part.0
                0x00119cd8      0x384 C:/devkitPro/devkitARM/bin/../lib/gcc/arm-none-eabi/15.2.0/../../../../arm-none-eabi/lib/armv6k/fpu\libc.a(libc_a-strtol.o)
 .text.strtol   0x0011a05c       0x74 C:/devkitPro/devkitARM/bin/../lib/gcc/arm-none-eabi/15.2.0/../../../../arm-none-eabi/lib/armv6k/fpu\libc.a(libc_a-strtol.o)
                0x0011a05c                strtol
 .text.strnlen  0x0011a0d0       0x3c C:/devkitPro/devkitARM/bin/../lib/gcc/arm-none-eabi/15.2.0/../../../../arm-none-eabi/lib/armv6k/fpu\libc.a(libc_a-strnlen.o)
                0x0011a0d0                strnlen
 .text.malloc   0x0011a10c       0x40 C:/devkitPro/devkitARM/bin/../lib/gcc/arm-none-eabi/15.2.0/../../../../arm-none-eabi/lib/armv6k/fpu\libc.a(libc_a-malloc.o)
                0x0011a10c                malloc
 .text.free     0x0011a14c       0x20 C:/devkitPro/devkitARM/bin/../lib/gcc/arm-none-eabi/15.2.0/../../../../arm-none-eabi/lib/armv6k/fpu\libc.a(libc_a-malloc.o)
                0x0011a14c                free
 .text.__sflush_r
                0x0011a16c      0x22c C:/devkitPro/devkitARM/bin/../lib/gcc/arm-none-eabi/15.2.0/../../../../arm-none-eabi/lib/armv6k/fpu\libc.a(libc_a-fflush.o)
                0x0011a16c                __sflush_r
 .text._fflush_r
                0x0011a398       0xc4 C:/devkitPro/devkitARM/bin/../lib/gcc/arm-none-eabi/15.2.0/../../../../arm-none-eabi/lib/armv6k/fpu\libc.a(libc_a-fflush.o)
                0x0011a398                _fflush_r
 .text.time     0x0011a45c       0x48 C:/devkitPro/devkitARM/bin/../lib/gcc/arm-none-eabi/15.2.0/../../../../arm-none-eabi/lib/armv6k/fpu\libc.a(libc_a-time.o)
                0x0011a45c                time
 .text.memset   0x0011a4a4       0xe4 C:/devkitPro/devkitARM/bin/../lib/gcc/arm-none-eabi/15.2.0/../../../../arm-none-eabi/lib/armv6k/fpu\libc.a(libc_a-memset.o)
                0x0011a4a4                memset
 .text._realloc_r
                0x0011a588      0x4f0 C:/devkitPro/devkitARM/bin/../lib/gcc/arm-none-eabi/15.2.0/../../../../arm-none-eabi/lib/armv6k/fpu\libc.a(libc_a-reallocr.o)
                0x0011a588                _realloc_r
 .text._strdup_r
                0x0011aa78       0x54 C:/devkitPro/devkitARM/bin/../lib/gcc/arm-none-eabi/15.2.0/../../../../arm-none-eabi/lib/armv6k/fpu\libc.a(libc_a-strdup_r.o)
                0x0011aa78                _strdup_r
 .text._fread_r
                0x0011aacc      0x334 C:/devkitPro/devkitARM/bin/../lib/gcc/arm-none-eabi/15.2.0/../../../../arm-none-eabi/lib/armv6k/fpu\libc.a(libc_a-fread.o)
                0x0011aacc                _fread_r
 .text.fread    0x0011ae00       0x38 C:/devkitPro/devkitARM/bin/../lib/gcc/arm-none-eabi/15.2.0/../../../../arm-none-eabi/lib/armv6k/fpu\libc.a(libc_a-fread.o)
                0x0011ae00                fread
 .text.__malloc_lock
                0x0011ae38        0xc C:/devkitPro/devkitARM/bin/../lib/gcc/arm-none-eabi/15.2.0/../../../../arm-none-eabi/lib/armv6k/fpu\libc.a(libc_a-mlock.o)
                0x0011ae38                __malloc_lock
 .text.__malloc_unlock
                0x0011ae44        0xc C:/devkitPro/devkitARM/bin/../lib/gcc/arm-none-eabi/15.2.0/../../../../arm-none-eabi/lib/armv6k/fpu\libc.a(libc_a-mlock.o)
                0x0011ae44                __malloc_unlock
 .text.__call_exitprocs
                0x0011ae50        0x4 C:/devkitPro/devkitARM/bin/../lib/gcc/arm-none-eabi/15.2.0/../../../../arm-none-eabi/lib/armv6k/fpu\libc.a(libc_a-exit.o)
                0x0011ae50                __call_exitprocs
 .text.exit     0x0011ae54       0x30 C:/devkitPro/devkitARM/bin/../lib/gcc/arm-none-eabi/15.2.0/../../../../arm-none-eabi/lib/armv6k/fpu\libc.a(libc_a-exit.o)
                0x0011ae54                exit
 .text.setvbuf  0x0011ae84      0x294 C:/devkitPro/devkitARM/bin/../lib/gcc/arm-none-eabi/15.2.0/../../../../arm-none-eabi/lib/armv6k/fpu\libc.a(libc_a-setvbuf.o)
                0x0011ae84                setvbuf
 .text._fopen_r
                0x0011b118      0x134 C:/devkitPro/devkitARM/bin/../lib/gcc/arm-none-eabi/15.2.0/../../../../arm-none-eabi/lib/armv6k/fpu\libc.a(libc_a-fopen.o)
                0x0011b118                _fopen_r
 .text.fopen    0x0011b24c       0x28 C:/devkitPro/devkitARM/bin/../lib/gcc/arm-none-eabi/15.2.0/../../../../arm-none-eabi/lib/armv6k/fpu\libc.a(libc_a-fopen.o)
                0x0011b24c                fopen
 .text.strncpy  0x0011b274       0xd4 C:/devkitPro/devkitARM/bin/../lib/gcc/arm-none-eabi/15.2.0/../../../../arm-none-eabi/lib/armv6k/fpu\libc.a(libc_a-strncpy.o)
                0x0011b274                strncpy
 .text.ftell    0x0011b348       0x34 C:/devkitPro/devkitARM/bin/../lib/gcc/arm-none-eabi/15.2.0/../../../../arm-none-eabi/lib/armv6k/fpu\libc.a(libc_a-ftell.o)
                0x0011b348                ftell
 .text.memcpy   0x0011b37c      0x12c C:/devkitPro/devkitARM/bin/../lib/gcc/arm-none-eabi/15.2.0/../../../../arm-none-eabi/lib/armv6k/fpu\libc.a(libc_a-memcpy-stub.o)
                0x0011b37c                memcpy
 .text._wcsrtombs_r
                0x0011b4a8       0x28 C:/devkitPro/devkitARM/bin/../lib/gcc/arm-none-eabi/15.2.0/../../../../arm-none-eabi/lib/armv6k/fpu\libc.a(libc_a-wcsrtombs.o)
                0x0011b4a8                _wcsrtombs_r
 .text.__match  0x0011b4d0       0x70 C:/devkitPro/devkitARM/bin/../lib/gcc/arm-none-eabi/15.2.0/../../../../arm-none-eabi/lib/armv6k/fpu\libc.a(libc_a-gdtoa-hexnan.o)
                0x0011b4d0                __match
 .text.__hexnan
                0x0011b540      0x2a8 C:/devkitPro/devkitARM/bin/../lib/gcc/arm-none-eabi/15.2.0/../../../../arm-none-eabi/lib/armv6k/fpu\libc.a(libc_a-gdtoa-hexnan.o)
                0x0011b540                __hexnan
 .text.nan      0x0011b7e8       0x10 C:/devkitPro/devkitARM/bin/../lib/gcc/arm-none-eabi/15.2.0/../../../../arm-none-eabi/lib/armv6k/fpu\libc.a(libm_a-s_nan.o)
                0x0011b7e8                nan
 .text.frexp    0x0011b7f8       0x88 C:/devkitPro/devkitARM/bin/../lib/gcc/arm-none-eabi/15.2.0/../../../../arm-none-eabi/lib/armv6k/fpu\libc.a(libm_a-s_frexp.o)
                0x0011b7f8                frexp
 .text.__sfvwrite_r
                0x0011b880      0x4a4 C:/devkitPro/devkitARM/bin/../lib/gcc/arm-none-eabi/15.2.0/../../../../arm-none-eabi/lib/armv6k/fpu\libc.a(libc_a-fvwrite.o)
                0x0011b880                __sfvwrite_r
 .text.__sread  0x0011bd24       0x44 C:/devkitPro/devkitARM/bin/../lib/gcc/arm-none-eabi/15.2.0/../../../../arm-none-eabi/lib/armv6k/fpu\libc.a(libc_a-stdio.o)
                0x0011bd24                __sread
 .text.__swrite
                0x0011bd68       0x68 C:/devkitPro/devkitARM/bin/../lib/gcc/arm-none-eabi/15.2.0/../../../../arm-none-eabi/lib/armv6k/fpu\libc.a(libc_a-stdio.o)
                0x0011bd68                __swrite
 .text.__sseek  0x0011bdd0       0x40 C:/devkitPro/devkitARM/bin/../lib/gcc/arm-none-eabi/15.2.0/../../../../arm-none-eabi/lib/armv6k/fpu\libc.a(libc_a-stdio.o)
                0x0011bdd0                __sseek
 .text.__sclose
                0x0011be10        0x8 C:/devkitPro/devkitARM/bin/../lib/gcc/arm-none-eabi/15.2.0/../../../../arm-none-eabi/lib/armv6k/fpu\libc.a(libc_a-stdio.o)
                0x0011be10                __sclose
 .text.memmove  0x0011be18      0x16c C:/devkitPro/devkitARM/bin/../lib/gcc/arm-none-eabi/15.2.0/../../../../arm-none-eabi/lib/armv6k/fpu\libc.a(libc_a-memmove.o)
                0x0011be18                memmove
 .text.__assert_func
                0x0011bf84       0x5c C:/devkitPro/devkitARM/bin/../lib/gcc/arm-none-eabi/15.2.0/../../../../arm-none-eabi/lib/armv6k/fpu\libc.a(libc_a-assert.o)
                0x0011bf84                __assert_func
 .text._Balloc  0x0011bfe0       0x88 C:/devkitPro/devkitARM/bin/../lib/gcc/arm-none-eabi/15.2.0/../../../../arm-none-eabi/lib/armv6k/fpu\libc.a(libc_a-mprec.o)
                0x0011bfe0                _Balloc
 .text._Bfree   0x0011c068       0x1c C:/devkitPro/devkitARM/bin/../lib/gcc/arm-none-eabi/15.2.0/../../../../arm-none-eabi/lib/armv6k/fpu\libc.a(libc_a-mprec.o)
                0x0011c068                _Bfree
 .text.__multadd
                0x0011c084       0xf4 C:/devkitPro/devkitARM/bin/../lib/gcc/arm-none-eabi/15.2.0/../../../../arm-none-eabi/lib/armv6k/fpu\libc.a(libc_a-mprec.o)
                0x0011c084                __multadd
 .text.__s2b    0x0011c178      0x10c C:/devkitPro/devkitARM/bin/../lib/gcc/arm-none-eabi/15.2.0/../../../../arm-none-eabi/lib/armv6k/fpu\libc.a(libc_a-mprec.o)
                0x0011c178                __s2b
 .text.__hi0bits
                0x0011c284       0x80 C:/devkitPro/devkitARM/bin/../lib/gcc/arm-none-eabi/15.2.0/../../../../arm-none-eabi/lib/armv6k/fpu\libc.a(libc_a-mprec.o)
                0x0011c284                __hi0bits
 .text.__lo0bits
                0x0011c304       0xf0 C:/devkitPro/devkitARM/bin/../lib/gcc/arm-none-eabi/15.2.0/../../../../arm-none-eabi/lib/armv6k/fpu\libc.a(libc_a-mprec.o)
                0x0011c304                __lo0bits
 .text.__i2b    0x0011c3f4       0xa4 C:/devkitPro/devkitARM/bin/../lib/gcc/arm-none-eabi/15.2.0/../../../../arm-none-eabi/lib/armv6k/fpu\libc.a(libc_a-mprec.o)
                0x0011c3f4                __i2b
 .text.__multiply
                0x0011c498      0x230 C:/devkitPro/devkitARM/bin/../lib/gcc/arm-none-eabi/15.2.0/../../../../arm-none-eabi/lib/armv6k/fpu\libc.a(libc_a-mprec.o)
                0x0011c498                __multiply
 .text.__pow5mult
                0x0011c6c8      0x130 C:/devkitPro/devkitARM/bin/../lib/gcc/arm-none-eabi/15.2.0/../../../../arm-none-eabi/lib/armv6k/fpu\libc.a(libc_a-mprec.o)
                0x0011c6c8                __pow5mult
 .text.__lshift
                0x0011c7f8      0x138 C:/devkitPro/devkitARM/bin/../lib/gcc/arm-none-eabi/15.2.0/../../../../arm-none-eabi/lib/armv6k/fpu\libc.a(libc_a-mprec.o)
                0x0011c7f8                __lshift
 .text.__mcmp   0x0011c930       0x58 C:/devkitPro/devkitARM/bin/../lib/gcc/arm-none-eabi/15.2.0/../../../../arm-none-eabi/lib/armv6k/fpu\libc.a(libc_a-mprec.o)
                0x0011c930                __mcmp
 .text.__mdiff  0x0011c988      0x218 C:/devkitPro/devkitARM/bin/../lib/gcc/arm-none-eabi/15.2.0/../../../../arm-none-eabi/lib/armv6k/fpu\libc.a(libc_a-mprec.o)
                0x0011c988                __mdiff
 .text.__ulp    0x0011cba0       0x68 C:/devkitPro/devkitARM/bin/../lib/gcc/arm-none-eabi/15.2.0/../../../../arm-none-eabi/lib/armv6k/fpu\libc.a(libc_a-mprec.o)
                0x0011cba0                __ulp
 .text.__b2d    0x0011cc08       0xd4 C:/devkitPro/devkitARM/bin/../lib/gcc/arm-none-eabi/15.2.0/../../../../arm-none-eabi/lib/armv6k/fpu\libc.a(libc_a-mprec.o)
                0x0011cc08                __b2d
 .text.__d2b    0x0011ccdc      0x120 C:/devkitPro/devkitARM/bin/../lib/gcc/arm-none-eabi/15.2.0/../../../../arm-none-eabi/lib/armv6k/fpu\libc.a(libc_a-mprec.o)
                0x0011ccdc                __d2b
 .text.__ratio  0x0011cdfc       0x78 C:/devkitPro/devkitARM/bin/../lib/gcc/arm-none-eabi/15.2.0/../../../../arm-none-eabi/lib/armv6k/fpu\libc.a(libc_a-mprec.o)
                0x0011cdfc                __ratio
 .text.__copybits
                0x0011ce74       0x8c C:/devkitPro/devkitARM/bin/../lib/gcc/arm-none-eabi/15.2.0/../../../../arm-none-eabi/lib/armv6k/fpu\libc.a(libc_a-mprec.o)
                0x0011ce74                __copybits
 .text.__any_on
                0x0011cf00       0x5c C:/devkitPro/devkitARM/bin/../lib/gcc/arm-none-eabi/15.2.0/../../../../arm-none-eabi/lib/armv6k/fpu\libc.a(libc_a-mprec.o)
                0x0011cf00                __any_on
 .text.__locale_mb_cur_max
                0x0011cf5c       0x24 C:/devkitPro/devkitARM/bin/../lib/gcc/arm-none-eabi/15.2.0/../../../../arm-none-eabi/lib/armv6k/fpu\libc.a(libc_a-locale.o)
                0x0011cf5c                __locale_mb_cur_max
 .text.fiprintf
                0x0011cf80       0x3c C:/devkitPro/devkitARM/bin/../lib/gcc/arm-none-eabi/15.2.0/../../../../arm-none-eabi/lib/armv6k/fpu\libc.a(libc_a-fiprintf.o)
                0x0011cf80                fiprintf
 .text._memalign_r
                0x0011cfbc      0x16c C:/devkitPro/devkitARM/bin/../lib/gcc/arm-none-eabi/15.2.0/../../../../arm-none-eabi/lib/armv6k/fpu\libc.a(libc_a-malignr.o)
                0x0011cfbc                _memalign_r
 .text._wcsnrtombs_l
                0x0011d128      0x15c C:/devkitPro/devkitARM/bin/../lib/gcc/arm-none-eabi/15.2.0/../../../../arm-none-eabi/lib/armv6k/fpu\libc.a(libc_a-wcsnrtombs.o)
                0x0011d128                _wcsnrtombs_l
 .text._wcsnrtombs_r
                0x0011d284       0x64 C:/devkitPro/devkitARM/bin/../lib/gcc/arm-none-eabi/15.2.0/../../../../arm-none-eabi/lib/armv6k/fpu\libc.a(libc_a-wcsnrtombs.o)
                0x0011d284                _wcsnrtombs_r
 .text.__utf8_mbtowc
                0x0011d2e8      0x340 C:/devkitPro/devkitARM/bin/../lib/gcc/arm-none-eabi/15.2.0/../../../../arm-none-eabi/lib/armv6k/fpu\libc.a(libc_a-mbtowc_r.o)
                0x0011d2e8                __utf8_mbtowc
 .text._fseeko_r
                0x0011d628      0x588 C:/devkitPro/devkitARM/bin/../lib/gcc/arm-none-eabi/15.2.0/../../../../arm-none-eabi/lib/armv6k/fpu\libc.a(libc_a-fseeko.o)
                0x0011d628                _fseeko_r
 .text.abort    0x0011dbb0       0x14 C:/devkitPro/devkitARM/bin/../lib/gcc/arm-none-eabi/15.2.0/../../../../arm-none-eabi/lib/armv6k/fpu\libc.a(libc_a-abort.o)
                0x0011dbb0                abort
 .text._localeconv_r
                0x0011dbc4       0x24 C:/devkitPro/devkitARM/bin/../lib/gcc/arm-none-eabi/15.2.0/../../../../arm-none-eabi/lib/armv6k/fpu\libc.a(libc_a-localeconv.o)
                0x0011dbc4                _localeconv_r
 .text.get_arg  0x0011dbe8      0x5e0 C:/devkitPro/devkitARM/bin/../lib/gcc/arm-none-eabi/15.2.0/../../../../arm-none-eabi/lib/armv6k/fpu\libc.a(libc_a-vfprintf.o)
 .text._vfprintf_r
                0x0011e1c8     0x3554 C:/devkitPro/devkitARM/bin/../lib/gcc/arm-none-eabi/15.2.0/../../../../arm-none-eabi/lib/armv6k/fpu\libc.a(libc_a-vfprintf.o)
                0x0011e1c8                _vfprintf_r
 .text.__sbprintf
                0x0012171c       0xb4 C:/devkitPro/devkitARM/bin/../lib/gcc/arm-none-eabi/15.2.0/../../../../arm-none-eabi/lib/armv6k/fpu\libc.a(libc_a-vfprintf.o)
 .text.memchr   0x001217d0       0xe8 C:/devkitPro/devkitARM/bin/../lib/gcc/arm-none-eabi/15.2.0/../../../../arm-none-eabi/lib/armv6k/fpu\libc.a(libc_a-memchr-stub.o)
                0x001217d0                memchr
 .text.quorem   0x001218b8      0x1c0 C:/devkitPro/devkitARM/bin/../lib/gcc/arm-none-eabi/15.2.0/../../../../arm-none-eabi/lib/armv6k/fpu\libc.a(libc_a-dtoa.o)
 .text._dtoa_r  0x00121a78     0x1420 C:/devkitPro/devkitARM/bin/../lib/gcc/arm-none-eabi/15.2.0/../../../../arm-none-eabi/lib/armv6k/fpu\libc.a(libc_a-dtoa.o)
                0x00121a78                _dtoa_r
 .text._wcrtomb_r
                0x00122e98       0xa0 C:/devkitPro/devkitARM/bin/../lib/gcc/arm-none-eabi/15.2.0/../../../../arm-none-eabi/lib/armv6k/fpu\libc.a(libc_a-wcrtomb.o)
                0x00122e98                _wcrtomb_r
 .text.__sflags
                0x00122f38       0xb8 C:/devkitPro/devkitARM/bin/../lib/gcc/arm-none-eabi/15.2.0/../../../../arm-none-eabi/lib/armv6k/fpu\libc.a(libc_a-flags.o)
                0x00122f38                __sflags
 .text.__libc_fini_array
                0x00122ff0       0x3c C:/devkitPro/devkitARM/bin/../lib/gcc/arm-none-eabi/15.2.0/../../../../arm-none-eabi/lib/armv6k/fpu\libc.a(libc_a-fini.o)
                0x00122ff0                __libc_fini_array
 .text.lflush   0x0012302c       0x38 C:/devkitPro/devkitARM/bin/../lib/gcc/arm-none-eabi/15.2.0/../../../../arm-none-eabi/lib/armv6k/fpu\libc.a(libc_a-refill.o)
 .text.__srefill_r
                0x00123064      0x1a8 C:/devkitPro/devkitARM/bin/../lib/gcc/arm-none-eabi/15.2.0/../../../../arm-none-eabi/lib/armv6k/fpu\libc.a(libc_a-refill.o)
                0x00123064                __srefill_r
 .text.__smakebuf_r
                0x0012320c      0x164 C:/devkitPro/devkitARM/bin/../lib/gcc/arm-none-eabi/15.2.0/../../../../arm-none-eabi/lib/armv6k/fpu\libc.a(libc_a-makebuf.o)
                0x0012320c                __smakebuf_r
 .text.__swhatbuf_r
                0x00123370       0x90 C:/devkitPro/devkitARM/bin/../lib/gcc/arm-none-eabi/15.2.0/../../../../arm-none-eabi/lib/armv6k/fpu\libc.a(libc_a-makebuf.o)
                0x00123370                __swhatbuf_r
 .text._ftello_r
                0x00123400      0x1c4 C:/devkitPro/devkitARM/bin/../lib/gcc/arm-none-eabi/15.2.0/../../../../arm-none-eabi/lib/armv6k/fpu\libc.a(libc_a-ftello.o)
                0x00123400                _ftello_r
 .text.__utf8_wctomb
                0x001235c4       0xf8 C:/devkitPro/devkitARM/bin/../lib/gcc/arm-none-eabi/15.2.0/../../../../arm-none-eabi/lib/armv6k/fpu\libc.a(libc_a-wctomb_r.o)
                0x001235c4                __utf8_wctomb
 .text.__swsetup_r
                0x001236bc      0x140 C:/devkitPro/devkitARM/bin/../lib/gcc/arm-none-eabi/15.2.0/../../../../arm-none-eabi/lib/armv6k/fpu\libc.a(libc_a-wsetup.o)
                0x001236bc                __swsetup_r
 .text._raise_r
                0x001237fc       0x9c C:/devkitPro/devkitARM/bin/../lib/gcc/arm-none-eabi/15.2.0/../../../../arm-none-eabi/lib/armv6k/fpu\libc.a(libc_a-signal.o)
                0x001237fc                _raise_r